Archive member included to satisfy reference by file (symbol)

../../libDaisy//build\libdaisy.a(daisy_seed.o)
                              build/main.o (daisy::DaisySeed::GetPin(unsigned char))
../../libDaisy//build\libdaisy.a(codec_ak4556.o)
                              ../../libDaisy//build\libdaisy.a(daisy_seed.o) (daisy::Ak4556::Init(dsy_gpio_pin))
../../libDaisy//build\libdaisy.a(codec_wm8731.o)
                              ../../libDaisy//build\libdaisy.a(daisy_seed.o) (daisy::Wm8731::Init(daisy::Wm8731::Config const&, daisy::I2CHandle))
../../libDaisy//build\libdaisy.a(sdram.o)
                              ../../libDaisy//build\libdaisy.a(daisy_seed.o) (SdramHandle::Init())
../../libDaisy//build\libdaisy.a(audio.o)
                              ../../libDaisy//build\libdaisy.a(daisy_seed.o) (daisy::AudioHandle::Init(daisy::AudioHandle::Config const&, daisy::SaiHandle))
../../libDaisy//build\libdaisy.a(logger.o)
                              build/main.o (daisy::Logger<(daisy::LoggerDestination)1>::PrintLine(char const*, ...))
../../libDaisy//build\libdaisy.a(switch.o)
                              build/main.o (daisy::Switch::Init(dsy_gpio_pin, float))
../../libDaisy//build\libdaisy.a(usb.o)
                              ../../libDaisy//build\libdaisy.a(logger.o) (daisy::UsbHandle::Init(daisy::UsbHandle::UsbPeriph))
../../libDaisy//build\libdaisy.a(gpio.o)
                              ../../libDaisy//build\libdaisy.a(daisy_seed.o) (daisy::GPIO::Init(daisy::Pin, daisy::GPIO::Mode, daisy::GPIO::Pull, daisy::GPIO::Speed))
../../libDaisy//build\libdaisy.a(i2c.o)
                              ../../libDaisy//build\libdaisy.a(daisy_seed.o) (daisy::I2CHandle::Init(daisy::I2CHandle::Config const&))
../../libDaisy//build\libdaisy.a(qspi.o)
                              ../../libDaisy//build\libdaisy.a(daisy_seed.o) (daisy::QSPIHandle::Init(daisy::QSPIHandle::Config const&))
../../libDaisy//build\libdaisy.a(sai.o)
                              ../../libDaisy//build\libdaisy.a(daisy_seed.o) (daisy::SaiHandle::Init(daisy::SaiHandle::Config const&))
../../libDaisy//build\libdaisy.a(system.o)
                              ../../libDaisy//build\libdaisy.a(daisy_seed.o) (daisy::System::DeInit())
../../libDaisy//build\libdaisy.a(system_stm32h7xx.o)
                              build/startup_stm32h750xx.o (SystemInit)
../../libDaisy//build\libdaisy.a(usbd_cdc_if.o)
                              ../../libDaisy//build\libdaisy.a(usb.o) (CDC_Transmit_FS)
../../libDaisy//build\libdaisy.a(usbd_conf.o)
                              ../../libDaisy//build\libdaisy.a(system.o) (hpcd_USB_OTG_HS)
../../libDaisy//build\libdaisy.a(usbd_desc.o)
                              ../../libDaisy//build\libdaisy.a(usb.o) (HS_Desc)
../../libDaisy//build\libdaisy.a(usbh_conf.o)
                              ../../libDaisy//build\libdaisy.a(system.o) (hhcd_USB_OTG_HS)
../../libDaisy//build\libdaisy.a(hal_map.o)
                              ../../libDaisy//build\libdaisy.a(gpio.o) (dsy_hal_map_get_port)
../../libDaisy//build\libdaisy.a(stm32h7xx_hal.o)
                              ../../libDaisy//build\libdaisy.a(system.o) (HAL_Init)
../../libDaisy//build\libdaisy.a(stm32h7xx_hal_cortex.o)
                              ../../libDaisy//build\libdaisy.a(stm32h7xx_hal.o) (HAL_NVIC_SetPriorityGrouping)
../../libDaisy//build\libdaisy.a(stm32h7xx_hal_dma.o)
                              ../../libDaisy//build\libdaisy.a(i2c.o) (HAL_DMA_Init)
../../libDaisy//build\libdaisy.a(stm32h7xx_hal_gpio.o)
                              ../../libDaisy//build\libdaisy.a(sdram.o) (HAL_GPIO_Init)
../../libDaisy//build\libdaisy.a(stm32h7xx_hal_hcd.o)
                              ../../libDaisy//build\libdaisy.a(usbh_conf.o) (HAL_HCD_HC_Init)
../../libDaisy//build\libdaisy.a(stm32h7xx_hal_i2c.o)
                              ../../libDaisy//build\libdaisy.a(i2c.o) (HAL_I2C_Init)
../../libDaisy//build\libdaisy.a(stm32h7xx_hal_i2c_ex.o)
                              ../../libDaisy//build\libdaisy.a(i2c.o) (HAL_I2CEx_ConfigAnalogFilter)
../../libDaisy//build\libdaisy.a(stm32h7xx_hal_pcd.o)
                              ../../libDaisy//build\libdaisy.a(usbd_conf.o) (HAL_PCD_Init)
../../libDaisy//build\libdaisy.a(stm32h7xx_hal_pcd_ex.o)
                              ../../libDaisy//build\libdaisy.a(usbd_conf.o) (HAL_PCDEx_SetTxFiFo)
../../libDaisy//build\libdaisy.a(stm32h7xx_hal_pwr_ex.o)
                              ../../libDaisy//build\libdaisy.a(system.o) (HAL_PWREx_ConfigSupply)
../../libDaisy//build\libdaisy.a(stm32h7xx_hal_qspi.o)
                              ../../libDaisy//build\libdaisy.a(qspi.o) (HAL_QSPI_Init)
../../libDaisy//build\libdaisy.a(stm32h7xx_hal_rcc.o)
                              ../../libDaisy//build\libdaisy.a(system.o) (HAL_RCC_OscConfig)
../../libDaisy//build\libdaisy.a(stm32h7xx_hal_rcc_ex.o)
                              ../../libDaisy//build\libdaisy.a(system.o) (HAL_RCCEx_PeriphCLKConfig)
[...]
Memory Configuration

Name             Origin             Length             Attributes
FLASH            0x08000000         0x00020000         xr
DTCMRAM          0x20000000         0x00020000         xrw
SRAM             0x24000000         0x00080000         xrw
RAM_D2           0x30000000         0x00048000         xrw
RAM_D3           0x38000000         0x00010000         xrw
BACKUP_SRAM      0x38800000         0x00001000         xrw
ITCMRAM          0x00000000         0x00010000         xrw
SDRAM            0xc0000000         0x04000000         xrw
QSPIFLASH        0x90000000         0x00800000         xr
*default*        0x00000000         0xffffffff

Linker script and memory map

LOAD c:/program files/daisytoolchain/bin/../lib/gcc/arm-none-eabi/10.2.1/thumb/v7e-m+dp/hard/crti.o
LOAD c:/program files/daisytoolchain/bin/../lib/gcc/arm-none-eabi/10.2.1/thumb/v7e-m+dp/hard/crtbegin.o
LOAD c:/program files/daisytoolchain/bin/../lib/gcc/arm-none-eabi/10.2.1/../../../../arm-none-eabi/lib/thumb/v7e-m+dp/hard/crt0.o
LOAD build/startup_stm32h750xx.o
LOAD build/main.o
LOAD build/synth.o
LOAD build/voice.o
LOAD ../../libDaisy//build\libdaisy.a
LOAD c:/program files/daisytoolchain/bin/../lib/gcc/arm-none-eabi/10.2.1/../../../../arm-none-eabi/lib/thumb/v7e-m+dp/hard\libnosys.a
LOAD ../../DaisySP//build\libdaisysp.a
LOAD ../../DaisySP//DaisySP-LGPL/build\libdaisysp-lgpl.a
LOAD c:/program files/daisytoolchain/bin/../lib/gcc/arm-none-eabi/10.2.1/../../../../arm-none-eabi/lib/thumb/v7e-m+dp/hard\libstdc++_nano.a
LOAD c:/program files/daisytoolchain/bin/../lib/gcc/arm-none-eabi/10.2.1/../../../../arm-none-eabi/lib/thumb/v7e-m+dp/hard\libm.a
LOAD c:/program files/daisytoolchain/bin/../lib/gcc/arm-none-eabi/10.2.1/../../../../arm-none-eabi/lib/thumb/v7e-m+dp/hard\libc_nano.a
START GROUP
LOAD c:/program files/daisytoolchain/bin/../lib/gcc/arm-none-eabi/10.2.1/thumb/v7e-m+dp/hard\libgcc.a
LOAD c:/program files/daisytoolchain/bin/../lib/gcc/arm-none-eabi/10.2.1/../../../../arm-none-eabi/lib/thumb/v7e-m+dp/hard\libc_nano.a
END GROUP
START GROUP
LOAD c:/program files/daisytoolchain/bin/../lib/gcc/arm-none-eabi/10.2.1/thumb/v7e-m+dp/hard\libgcc.a
LOAD c:/program files/daisytoolchain/bin/../lib/gcc/arm-none-eabi/10.2.1/../../../../arm-none-eabi/lib/thumb/v7e-m+dp/hard\libc_nano.a
LOAD c:/program files/daisytoolchain/bin/../lib/gcc/arm-none-eabi/10.2.1/../../../../arm-none-eabi/lib/thumb/v7e-m+dp/hard\libnosys.a
END GROUP
START GROUP
LOAD c:/program files/daisytoolchain/bin/../lib/gcc/arm-none-eabi/10.2.1/thumb/v7e-m+dp/hard\libgcc.a
LOAD c:/program files/daisytoolchain/bin/../lib/gcc/arm-none-eabi/10.2.1/../../../../arm-none-eabi/lib/thumb/v7e-m+dp/hard\libc_nano.a
LOAD c:/program files/daisytoolchain/bin/../lib/gcc/arm-none-eabi/10.2.1/../../../../arm-none-eabi/lib/thumb/v7e-m+dp/hard\libnosys.a
END GROUP
LOAD c:/program files/daisytoolchain/bin/../lib/gcc/arm-none-eabi/10.2.1/thumb/v7e-m+dp/hard/crtend.o
LOAD c:/program files/daisytoolchain/bin/../lib/gcc/arm-none-eabi/10.2.1/thumb/v7e-m+dp/hard/crtn.o
                0x20020000                _estack = 0x20020000

.isr_vector     0x08000000      0x298
                0x08000000                . = ALIGN (0x4)
 *(.isr_vector)
 .isr_vector    0x08000000      0x298 build/startup_stm32h750xx.o
                0x08000000                g_pfnVectors
                0x08000298                . = ALIGN (0x4)

.text           0x080002a0    0x14508
                0x080002a0                . = ALIGN (0x4)
                0x080002a0                _stext = .
 *(.text)
 .text          0x080002a0       0x40 c:/program files/daisytoolchain/bin/../lib/gcc/arm-none-eabi/10.2.1/thumb/v7e-m+dp/hard/crtbegin.o
 .text          0x080002e0       0xa0 c:/program files/daisytoolchain/bin/../lib/gcc/arm-none-eabi/10.2.1/../../../../arm-none-eabi/lib/thumb/v7e-m+dp/hard\libc_nano.a(lib_a-memchr.o)
                0x080002e0                memchr
 .text          0x08000380      0x378 c:/program files/daisytoolchain/bin/../lib/gcc/arm-none-eabi/10.2.1/thumb/v7e-m+dp/hard\libgcc.a(_arm_addsubdf3.o)
                0x08000380                __aeabi_drsub
                0x08000388                __aeabi_dsub
                0x08000388                __subdf3
                0x0800038c                __aeabi_dadd
                0x0800038c                __adddf3
                0x08000604                __floatunsidf
                0x08000604                __aeabi_ui2d
                0x08000624                __floatsidf
                0x08000624                __aeabi_i2d
                0x08000648                __aeabi_f2d
                0x08000648                __extendsfdf2
                0x0800068c                __floatundidf
                0x0800068c                __aeabi_ul2d
                0x0800069c                __floatdidf
                0x0800069c                __aeabi_l2d
 .text          0x080006f8       0x30 c:/program files/daisytoolchain/bin/../lib/gcc/arm-none-eabi/10.2.1/thumb/v7e-m+dp/hard\libgcc.a(_aeabi_uldivmod.o)
                0x080006f8                __aeabi_uldivmod
 .text          0x08000728      0x2d0 c:/program files/daisytoolchain/bin/../lib/gcc/arm-none-eabi/10.2.1/thumb/v7e-m+dp/hard\libgcc.a(_udivmoddi4.o)
                0x08000728                __udivmoddi4
 .text          0x080009f8        0x4 c:/program files/daisytoolchain/bin/../lib/gcc/arm-none-eabi/10.2.1/thumb/v7e-m+dp/hard\libgcc.a(_dvmd_tls.o)
                0x080009f8                __aeabi_idiv0
                0x080009f8                __aeabi_ldiv0
 *(.text*)
 .text.Default_Handler
                0x080009fc        0x4 build/startup_stm32h750xx.o
                0x080009fc                RTC_Alarm_IRQHandler
                0x080009fc                HASH_RNG_IRQHandler
                0x080009fc                EXTI2_IRQHandler
                0x080009fc                TIM8_CC_IRQHandler
                0x080009fc                HRTIM1_Master_IRQHandler
                0x080009fc                DebugMon_Handler
                0x080009fc                TIM1_CC_IRQHandler
                0x080009fc                BDMA_Channel6_IRQHandler
                0x080009fc                DMA2_Stream5_IRQHandler
                0x080009fc                HRTIM1_FLT_IRQHandler
                0x080009fc                JPEG_IRQHandler
                0x080009fc                BDMA_Channel1_IRQHandler
                0x080009fc                HRTIM1_TIMD_IRQHandler
                0x080009fc                TAMP_STAMP_IRQHandler
                0x080009fc                PendSV_Handler
                0x080009fc                NMI_Handler
                0x080009fc                EXTI3_IRQHandler
                0x080009fc                LPTIM4_IRQHandler
                0x080009fc                TIM8_TRG_COM_TIM14_IRQHandler
                0x080009fc                LPTIM2_IRQHandler
                0x080009fc                DFSDM1_FLT1_IRQHandler
                0x080009fc                DMAMUX2_OVR_IRQHandler
                0x080009fc                TIM8_UP_TIM13_IRQHandler
                0x080009fc                I2C3_ER_IRQHandler
                0x080009fc                DFSDM1_FLT2_IRQHandler
                0x080009fc                MDMA_IRQHandler
                0x080009fc                LPTIM3_IRQHandler
                0x080009fc                HSEM1_IRQHandler
                0x080009fc                EXTI0_IRQHandler
                0x080009fc                DMA1_Stream2_IRQHandler
                0x080009fc                FPU_IRQHandler
                0x080009fc                OTG_HS_WKUP_IRQHandler
                0x080009fc                FDCAN1_IT1_IRQHandler
                0x080009fc                UsageFault_Handler
                0x080009fc                LTDC_ER_IRQHandler
                0x080009fc                HRTIM1_TIME_IRQHandler
                0x080009fc                TIM6_DAC_IRQHandler
                0x080009fc                DCMI_IRQHandler
                0x080009fc                HRTIM1_TIMC_IRQHandler
                0x080009fc                SAI2_IRQHandler
                0x080009fc                DFSDM1_FLT3_IRQHandler
                0x080009fc                TIM17_IRQHandler
                0x080009fc                CRYP_IRQHandler
                0x080009fc                BDMA_Channel7_IRQHandler
                0x080009fc                LPTIM5_IRQHandler
                0x080009fc                ADC3_IRQHandler
                0x080009fc                DMA2_Stream0_IRQHandler
                0x080009fc                BDMA_Channel2_IRQHandler
                0x080009fc                DMAMUX1_OVR_IRQHandler
                0x080009fc                TIM16_IRQHandler
                0x080009fc                BDMA_Channel5_IRQHandler
                0x080009fc                RCC_IRQHandler
                0x080009fc                TIM8_BRK_TIM12_IRQHandler
                0x080009fc                TIM1_TRG_COM_IRQHandler
                0x080009fc                Default_Handler
                0x080009fc                ECC_IRQHandler
                0x080009fc                CEC_IRQHandler
                0x080009fc                EXTI15_10_IRQHandler
                0x080009fc                BDMA_Channel0_IRQHandler
                0x080009fc                ADC_IRQHandler
                0x080009fc                DMA1_Stream7_IRQHandler
                0x080009fc                HRTIM1_TIMA_IRQHandler
                0x080009fc                TIM7_IRQHandler
                0x080009fc                SDMMC1_IRQHandler
                0x080009fc                DMA2_Stream7_IRQHandler
                0x080009fc                TIM15_IRQHandler
                0x080009fc                PVD_AVD_IRQHandler
                0x080009fc                EXTI9_5_IRQHandler
                0x080009fc                RTC_WKUP_IRQHandler
                0x080009fc                LTDC_IRQHandler
                0x080009fc                SAI3_IRQHandler
                0x080009fc                ETH_WKUP_IRQHandler
                0x080009fc                SPDIF_RX_IRQHandler
                0x080009fc                MemManage_Handler
                0x080009fc                SVC_Handler
                0x080009fc                CRS_IRQHandler
                0x080009fc                EXTI4_IRQHandler
                0x080009fc                HRTIM1_TIMB_IRQHandler
                0x080009fc                FDCAN2_IT1_IRQHandler
                0x080009fc                ETH_IRQHandler
                0x080009fc                TIM1_UP_IRQHandler
                0x080009fc                BDMA_Channel4_IRQHandler
                0x080009fc                WWDG_IRQHandler
                0x080009fc                SPI6_IRQHandler
                0x080009fc                I2C4_EV_IRQHandler
                0x080009fc                MDIOS_IRQHandler
                0x080009fc                FDCAN2_IT0_IRQHandler
                0x080009fc                FDCAN1_IT0_IRQHandler
                0x080009fc                OTG_FS_WKUP_IRQHandler
                0x080009fc                DMA2D_IRQHandler
                0x080009fc                TIM1_BRK_IRQHandler
                0x080009fc                EXTI1_IRQHandler
                0x080009fc                SDMMC2_IRQHandler
                0x080009fc                BDMA_Channel3_IRQHandler
                0x080009fc                MDIOS_WKUP_IRQHandler
                0x080009fc                DFSDM1_FLT0_IRQHandler
                0x080009fc                SAI4_IRQHandler
                0x080009fc                I2C2_ER_IRQHandler
                0x080009fc                DMA2_Stream1_IRQHandler
                0x080009fc                FLASH_IRQHandler
                0x080009fc                BusFault_Handler
                0x080009fc                WAKEUP_PIN_IRQHandler
                0x080009fc                I2C1_ER_IRQHandler
                0x080009fc                FMC_IRQHandler
                0x080009fc                FDCAN_CAL_IRQHandler
                0x080009fc                SWPMI1_IRQHandler
                0x080009fc                COMP1_IRQHandler
                0x080009fc                LPTIM1_IRQHandler
                0x080009fc                I2C4_ER_IRQHandler
                0x080009fc                DMA2_Stream6_IRQHandler
                0x080009fc                SAI1_IRQHandler
 .text.Reset_Handler
                0x08000a00       0x44 build/startup_stm32h750xx.o
                0x08000a00                Reset_Handler
 .text._ZN5daisy9DaisySeedD2Ev
                0x08000a44        0x4 build/main.o
                0x08000a44                daisy::DaisySeed::~DaisySeed()
                0x08000a44                daisy::DaisySeed::~DaisySeed()
 .text._ZN5SynthD2Ev
                0x08000a48        0x4 build/main.o
                0x08000a48                Synth::~Synth()
                0x08000a48                Synth::~Synth()
 .text.__tcf_0  0x08000a4c        0x4 build/main.o
 .text._Z13AudioCallbackPKfPfj
                0x08000a50       0xa8 build/main.o
                0x08000a50                AudioCallback(float const*, float*, unsigned int)
 .text._ZN5SynthC2Ev
                0x08000af8       0x7c build/main.o
                0x08000af8                Synth::Synth()
                0x08000af8                Synth::Synth()
 .text.startup.main
                0x08000b74      0x124 build/main.o
                0x08000b74                main
 .text.startup._GLOBAL__sub_I_hw
                0x08000c98       0x50 build/main.o
 .text._ZN5Synth4InitEv
                0x08000ce8      0x110 build/synth.o
                0x08000ce8                Synth::Init()
 .text._ZN5Synth11SetWaveformEv
                0x08000df8       0x1c build/synth.o
                0x08000df8                Synth::SetWaveform()
 .text._ZN5Synth11SetEnvelopeEv
                0x08000e14       0x1c build/synth.o
                0x08000e14                Synth::SetEnvelope()
 .text._ZN5Synth9SetFilterEv
                0x08000e30       0x1c build/synth.o
                0x08000e30                Synth::SetFilter()
 .text._ZN5Synth6SetLFOEv
                0x08000e4c       0x1c build/synth.o
                0x08000e4c                Synth::SetLFO()
 .text._ZN5Synth6NoteOnEhh
                0x08000e68       0x30 build/synth.o
                0x08000e68                Synth::NoteOn(unsigned char, unsigned char)
 .text._ZN5Synth7NoteOffEh
                0x08000e98       0x30 build/synth.o
                0x08000e98                Synth::NoteOff(unsigned char)
 .text._ZN5Synth7ProcessEPfS0_
                0x08000ec8       0x58 build/synth.o
                0x08000ec8                Synth::Process(float*, float*)
 .text._ZN5Voice4InitEv
                0x08000f20       0xa8 build/voice.o
                0x08000f20                Voice::Init()
 .text._ZN5Voice11SetWaveformEv
                0x08000fc8       0x2c build/voice.o
                0x08000fc8                Voice::SetWaveform()
 .text._ZN5Voice11SetEnvelopeEv
                0x08000ff4       0x6c build/voice.o
                0x08000ff4                Voice::SetEnvelope()
 .text._ZN5Voice9SetFilterEv
                0x08001060       0x14 build/voice.o
                0x08001060                Voice::SetFilter()
 .text._ZN5Voice6SetLFOEv
                0x08001074       0x28 build/voice.o
                0x08001074                Voice::SetLFO()
 .text._ZN5Voice6NoteOnEhh
                0x0800109c       0x58 build/voice.o
                0x0800109c                Voice::NoteOn(unsigned char, unsigned char)
 .text._ZN5Voice7NoteOffEh
                0x080010f4        0x8 build/voice.o
                0x080010f4                Voice::NoteOff(unsigned char)
 .text._ZN5Voice7ProcessEPfS0_
                0x080010fc       0xa4 build/voice.o
                0x080010fc                Voice::Process(float*, float*)
 .text._ZN5daisy9DaisySeed6GetPinEh
                0x080011a0       0x2c ../../libDaisy//build\libdaisy.a(daisy_seed.o)
                0x080011a0                daisy::DaisySeed::GetPin(unsigned char)
 .text._ZN5daisy9DaisySeed10StartAudioEPFvPKfPfjE
                0x080011cc        0x8 ../../libDaisy//build\libdaisy.a(daisy_seed.o)
                0x080011cc                daisy::DaisySeed::StartAudio(void (*)(float const*, float*, unsigned int))
 .text._ZN5daisy9DaisySeed18SetAudioSampleRateENS_9SaiHandle6Config10SampleRateE
                0x080011d4       0x38 ../../libDaisy//build\libdaisy.a(daisy_seed.o)
                0x080011d4                daisy::DaisySeed::SetAudioSampleRate(daisy::SaiHandle::Config::SampleRate)
 .text._ZN5daisy9DaisySeed15AudioSampleRateEv
                0x0800120c        0x8 ../../libDaisy//build\libdaisy.a(daisy_seed.o)
                0x0800120c                daisy::DaisySeed::AudioSampleRate()
 .text._ZN5daisy9DaisySeed17SetAudioBlockSizeEj
                0x08001214       0x38 ../../libDaisy//build\libdaisy.a(daisy_seed.o)
                0x08001214                daisy::DaisySeed::SetAudioBlockSize(unsigned int)
 .text._ZN5daisy9DaisySeed17CheckBoardVersionEv
                0x0800124c       0x6c ../../libDaisy//build\libdaisy.a(daisy_seed.o)
                0x0800124c                daisy::DaisySeed::CheckBoardVersion()
 .text._ZN5daisy9DaisySeed14ConfigureAudioEv
                0x080012b8      0x10c ../../libDaisy//build\libdaisy.a(daisy_seed.o)
                0x080012b8                daisy::DaisySeed::ConfigureAudio()
 .text._ZN5daisy9DaisySeed4InitEb
                0x080013c4      0x108 ../../libDaisy//build\libdaisy.a(daisy_seed.o)
                0x080013c4                daisy::DaisySeed::Init(bool)
 .text._ZN5daisy6Ak45564InitE12dsy_gpio_pin
                0x080014cc       0x44 ../../libDaisy//build\libdaisy.a(codec_ak4556.o)
                0x080014cc                daisy::Ak4556::Init(dsy_gpio_pin)
 .text._ZN5daisy6Wm873120WriteControlRegisterEht
                0x08001510       0x3c ../../libDaisy//build\libdaisy.a(codec_wm8731.o)
                0x08001510                daisy::Wm8731::WriteControlRegister(unsigned char, unsigned short)
 .text._ZN5daisy6Wm87314InitERKNS0_6ConfigENS_9I2CHandleE
                0x0800154c      0x1bc ../../libDaisy//build\libdaisy.a(codec_wm8731.o)
                0x0800154c                daisy::Wm8731::Init(daisy::Wm8731::Config const&, daisy::I2CHandle)
 .text._ZN11SdramHandle10DeviceInitEv
                0x08001708       0x98 ../../libDaisy//build\libdaisy.a(sdram.o)
                0x08001708                SdramHandle::DeviceInit()
 .text._ZN11SdramHandle4InitEv
                0x080017a0       0x7c ../../libDaisy//build\libdaisy.a(sdram.o)
                0x080017a0                SdramHandle::Init()
 .text.HAL_SDRAM_MspInit
                0x0800181c      0x1a8 ../../libDaisy//build\libdaisy.a(sdram.o)
                0x0800181c                HAL_SDRAM_MspInit
 .text._ZN5daisy11AudioHandle4Impl16InternalCallbackEPlS2_j
                0x080019c4      0xbbc ../../libDaisy//build\libdaisy.a(audio.o)
                0x080019c4                daisy::AudioHandle::Impl::InternalCallback(long*, long*, unsigned int)
 .text._ZN5daisy11AudioHandle4InitERKNS0_6ConfigENS_9SaiHandleE
                0x08002580       0x70 ../../libDaisy//build\libdaisy.a(audio.o)
                0x08002580                daisy::AudioHandle::Init(daisy::AudioHandle::Config const&, daisy::SaiHandle)
 .text._ZNK5daisy11AudioHandle9GetConfigEv
                0x080025f0        0x8 ../../libDaisy//build\libdaisy.a(audio.o)
                0x080025f0                daisy::AudioHandle::GetConfig() const
 .text._ZN5daisy11AudioHandle12SetBlockSizeEj
                0x080025f8       0x1c ../../libDaisy//build\libdaisy.a(audio.o)
                0x080025f8                daisy::AudioHandle::SetBlockSize(unsigned int)
 .text._ZN5daisy11AudioHandle13GetSampleRateEv
                0x08002614        0x8 ../../libDaisy//build\libdaisy.a(audio.o)
                0x08002614                daisy::AudioHandle::GetSampleRate()
 .text._ZN5daisy11AudioHandle13SetSampleRateENS_9SaiHandle6Config10SampleRateE
                0x0800261c       0x88 ../../libDaisy//build\libdaisy.a(audio.o)
                0x0800261c                daisy::AudioHandle::SetSampleRate(daisy::SaiHandle::Config::SampleRate)
 .text._ZN5daisy11AudioHandle5StartEPFvPKfPfjE
                0x080026a4       0x2c ../../libDaisy//build\libdaisy.a(audio.o)
                0x080026a4                daisy::AudioHandle::Start(void (*)(float const*, float*, unsigned int))
 .text.startup._GLOBAL__sub_I__ZN5daisy11AudioHandle4Impl4InitENS0_6ConfigENS_9SaiHandleE
                0x080026d0       0x24 ../../libDaisy//build\libdaisy.a(audio.o)
 .text._ZN5daisy9UsbHandleD2Ev
                0x080026f4        0x4 ../../libDaisy//build\libdaisy.a(logger.o)
                0x080026f4                daisy::UsbHandle::~UsbHandle()
                0x080026f4                daisy::UsbHandle::~UsbHandle()
 .text._ZN5daisy6LoggerILNS_17LoggerDestinationE1EE11TransmitBufEv
                0x080026f8       0x60 ../../libDaisy//build\libdaisy.a(logger.o)
                0x080026f8                daisy::Logger<(daisy::LoggerDestination)1>::TransmitBuf()
 .text._ZN5daisy6LoggerILNS_17LoggerDestinationE1EE13AppendNewLineEv
                0x08002758       0x60 ../../libDaisy//build\libdaisy.a(logger.o)
                0x08002758                daisy::Logger<(daisy::LoggerDestination)1>::AppendNewLine()
 .text._ZN5daisy6LoggerILNS_17LoggerDestinationE1EE10PrintLineVEPKcSt9__va_list
                0x080027b8       0x30 ../../libDaisy//build\libdaisy.a(logger.o)
                0x080027b8                daisy::Logger<(daisy::LoggerDestination)1>::PrintLineV(char const*, std::__va_list)
 .text._ZN5daisy6LoggerILNS_17LoggerDestinationE1EE9PrintLineEPKcz
                0x080027e8       0x1c ../../libDaisy//build\libdaisy.a(logger.o)
                0x080027e8                daisy::Logger<(daisy::LoggerDestination)1>::PrintLine(char const*, ...)
 .text._ZN5daisy6LoggerILNS_17LoggerDestinationE1EE8StartLogEb
                0x08002804       0x40 ../../libDaisy//build\libdaisy.a(logger.o)
                0x08002804                daisy::Logger<(daisy::LoggerDestination)1>::StartLog(bool)
 .text.startup._GLOBAL__sub_I__ZN5daisy10LoggerImplILNS_17LoggerDestinationE1EE11usb_handle_E
                0x08002844       0x2c ../../libDaisy//build\libdaisy.a(logger.o)
 .text._ZN5daisy6Switch4InitE12dsy_gpio_pinf
                0x08002870       0x34 ../../libDaisy//build\libdaisy.a(switch.o)
                0x08002870                daisy::Switch::Init(dsy_gpio_pin, float)
 .text._ZN5daisy6Switch8DebounceEv
                0x080028a4       0x5c ../../libDaisy//build\libdaisy.a(switch.o)
                0x080028a4                daisy::Switch::Debounce()
 .text.DummyRxCallback
                0x08002900        0x4 ../../libDaisy//build\libdaisy.a(usb.o)
                0x08002900                DummyRxCallback
 .text._ZN5daisy9UsbHandle4InitENS0_9UsbPeriphE
                0x08002904      0x10c ../../libDaisy//build\libdaisy.a(usb.o)
                0x08002904                daisy::UsbHandle::Init(daisy::UsbHandle::UsbPeriph)
 .text._ZN5daisy9UsbHandle16TransmitInternalEPhj
                0x08002a10       0x14 ../../libDaisy//build\libdaisy.a(usb.o)
                0x08002a10                daisy::UsbHandle::TransmitInternal(unsigned char*, unsigned int)
 .text.OTG_FS_EP1_OUT_IRQHandler
                0x08002a24        0xc ../../libDaisy//build\libdaisy.a(usb.o)
                0x08002a24                OTG_FS_EP1_OUT_IRQHandler
 .text.OTG_FS_EP1_IN_IRQHandler
                0x08002a30        0xc ../../libDaisy//build\libdaisy.a(usb.o)
                0x08002a30                OTG_FS_EP1_IN_IRQHandler
 .text.OTG_FS_IRQHandler
                0x08002a3c        0xc ../../libDaisy//build\libdaisy.a(usb.o)
                0x08002a3c                OTG_FS_IRQHandler
 .text._ZN5daisy4GPIO4InitENS_3PinENS0_4ModeENS0_4PullENS0_5SpeedE
                0x08002a48      0x1cc ../../libDaisy//build\libdaisy.a(gpio.o)
                0x08002a48                daisy::GPIO::Init(daisy::Pin, daisy::GPIO::Mode, daisy::GPIO::Pull, daisy::GPIO::Speed)
 .text._ZN5daisy4GPIO4ReadEv
                0x08002c14       0x18 ../../libDaisy//build\libdaisy.a(gpio.o)
                0x08002c14                daisy::GPIO::Read()
 .text._ZN5daisy4GPIO5WriteEb
                0x08002c2c       0x14 ../../libDaisy//build\libdaisy.a(gpio.o)
                0x08002c2c                daisy::GPIO::Write(bool)
 .text.dsy_gpio_init
                0x08002c40      0x1b8 ../../libDaisy//build\libdaisy.a(gpio.o)
                0x08002c40                dsy_gpio_init
 .text.dsy_gpio_read
                0x08002df8       0x1c ../../libDaisy//build\libdaisy.a(gpio.o)
                0x08002df8                dsy_gpio_read
 .text.dsy_gpio_write
                0x08002e14       0x24 ../../libDaisy//build\libdaisy.a(gpio.o)
                0x08002e14                dsy_gpio_write
 .text._ZN5daisy9I2CHandle4Impl8InitPinsEv
                0x08002e38       0x58 ../../libDaisy//build\libdaisy.a(i2c.o)
                0x08002e38                daisy::I2CHandle::Impl::InitPins()
 .text.HAL_I2C_MspInit
                0x08002e90      0x1b4 ../../libDaisy//build\libdaisy.a(i2c.o)
                0x08002e90                HAL_I2C_MspInit
 .text.dsy_i2c_global_init
                0x08003044       0x78 ../../libDaisy//build\libdaisy.a(i2c.o)
                0x08003044                dsy_i2c_global_init
 .text.DMA1_Stream6_IRQHandler
                0x080030bc       0x34 ../../libDaisy//build\libdaisy.a(i2c.o)
                0x080030bc                DMA1_Stream6_IRQHandler
 .text.I2C1_EV_IRQHandler
                0x080030f0        0xc ../../libDaisy//build\libdaisy.a(i2c.o)
                0x080030f0                I2C1_EV_IRQHandler
 .text.I2C2_EV_IRQHandler
                0x080030fc        0xc ../../libDaisy//build\libdaisy.a(i2c.o)
                0x080030fc                I2C2_EV_IRQHandler
 .text.I2C3_EV_IRQHandler
                0x08003108        0xc ../../libDaisy//build\libdaisy.a(i2c.o)
                0x08003108                I2C3_EV_IRQHandler
 .text._ZN5daisy9I2CHandle4InitERKNS0_6ConfigE
                0x08003114      0x12c ../../libDaisy//build\libdaisy.a(i2c.o)
                0x08003114                daisy::I2CHandle::Init(daisy::I2CHandle::Config const&)
 .text._ZN5daisy9I2CHandle16TransmitBlockingEtPhtm
                0x08003240       0x50 ../../libDaisy//build\libdaisy.a(i2c.o)
                0x08003240                daisy::I2CHandle::TransmitBlocking(unsigned short, unsigned char*, unsigned short, unsigned long)
 .text.startup._GLOBAL__sub_I__ZN5daisy9I2CHandle4Impl10GlobalInitEv
                0x08003290       0x18 ../../libDaisy//build\libdaisy.a(i2c.o)
 .text._ZN5daisy10QSPIHandle4Impl11WriteEnableEv
                0x080032a8       0x8c ../../libDaisy//build\libdaisy.a(qspi.o)
                0x080032a8                daisy::QSPIHandle::Impl::WriteEnable()
 *fill*         0x08003334        0x4 
 .text._ZN5daisy10QSPIHandle4Impl17DummyCyclesConfigENS0_6Config6DeviceE
                0x08003338      0x118 ../../libDaisy//build\libdaisy.a(qspi.o)
                0x08003338                daisy::QSPIHandle::Impl::DummyCyclesConfig(daisy::QSPIHandle::Config::Device)
 .text._ZN5daisy10QSPIHandle4Impl10QuadEnableEv
                0x08003450      0x158 ../../libDaisy//build\libdaisy.a(qspi.o)
                0x08003450                daisy::QSPIHandle::Impl::QuadEnable()
 .text._ZN5daisy10QSPIHandle4InitERKNS0_6ConfigE
                0x080035a8      0x198 ../../libDaisy//build\libdaisy.a(qspi.o)
                0x080035a8                daisy::QSPIHandle::Init(daisy::QSPIHandle::Config const&)
 .text.HAL_QSPI_MspInit
                0x08003740      0x11c ../../libDaisy//build\libdaisy.a(qspi.o)
                0x08003740                HAL_QSPI_MspInit
 .text.HAL_QSPI_MspDeInit
                0x0800385c       0x54 ../../libDaisy//build\libdaisy.a(qspi.o)
                0x0800385c                HAL_QSPI_MspDeInit
 .text.QUADSPI_IRQHandler
                0x080038b0        0xc ../../libDaisy//build\libdaisy.a(qspi.o)
                0x080038b0                QUADSPI_IRQHandler
 .text.startup._GLOBAL__sub_I__ZN5daisy10QSPIHandle4Impl4InitERKNS0_6ConfigE
                0x080038bc       0x28 ../../libDaisy//build\libdaisy.a(qspi.o)
 .text._ZN5daisy9SaiHandle4Impl7InitDmaENS1_15PeripheralBlockE
                0x080038e4       0xa0 ../../libDaisy//build\libdaisy.a(sai.o)
                0x080038e4                daisy::SaiHandle::Impl::InitDma(daisy::SaiHandle::Impl::PeripheralBlock)
 .text._ZN5daisy9SaiHandle4Impl8InitPinsEv
                0x08003984       0xa8 ../../libDaisy//build\libdaisy.a(sai.o)
                0x08003984                daisy::SaiHandle::Impl::InitPins()
 .text.HAL_SAI_MspInit
                0x08003a2c      0x164 ../../libDaisy//build\libdaisy.a(sai.o)
                0x08003a2c                HAL_SAI_MspInit
 .text.DMA1_Stream0_IRQHandler
                0x08003b90        0xc ../../libDaisy//build\libdaisy.a(sai.o)
                0x08003b90                DMA1_Stream0_IRQHandler
 .text.DMA1_Stream1_IRQHandler
                0x08003b9c        0xc ../../libDaisy//build\libdaisy.a(sai.o)
                0x08003b9c                DMA1_Stream1_IRQHandler
 .text.DMA1_Stream3_IRQHandler
                0x08003ba8        0xc ../../libDaisy//build\libdaisy.a(sai.o)
                0x08003ba8                DMA1_Stream3_IRQHandler
 .text.DMA1_Stream4_IRQHandler
                0x08003bb4        0xc ../../libDaisy//build\libdaisy.a(sai.o)
                0x08003bb4                DMA1_Stream4_IRQHandler
 .text.HAL_SAI_RxHalfCpltCallback
                0x08003bc0       0x78 ../../libDaisy//build\libdaisy.a(sai.o)
                0x08003bc0                HAL_SAI_RxHalfCpltCallback
 .text.HAL_SAI_RxCpltCallback
                0x08003c38       0x70 ../../libDaisy//build\libdaisy.a(sai.o)
                0x08003c38                HAL_SAI_RxCpltCallback
 .text._ZN5daisy9SaiHandle4InitERKNS0_6ConfigE
                0x08003ca8      0x1f0 ../../libDaisy//build\libdaisy.a(sai.o)
                0x08003ca8                daisy::SaiHandle::Init(daisy::SaiHandle::Config const&)
 .text._ZNK5daisy9SaiHandle9GetConfigEv
                0x08003e98        0x4 ../../libDaisy//build\libdaisy.a(sai.o)
                0x08003e98                daisy::SaiHandle::GetConfig() const
 .text._ZN5daisy9SaiHandle8StartDmaEPlS1_jPFvS1_S1_jE
                0x08003e9c       0xbc ../../libDaisy//build\libdaisy.a(sai.o)
                0x08003e9c                daisy::SaiHandle::StartDma(long*, long*, unsigned int, void (*)(long*, long*, unsigned int))
 .text._ZN5daisy9SaiHandle13GetSampleRateEv
                0x08003f58       0x24 ../../libDaisy//build\libdaisy.a(sai.o)
                0x08003f58                daisy::SaiHandle::GetSampleRate()
 .text._ZNK5daisy9SaiHandle9GetOffsetEv
                0x08003f7c        0x8 ../../libDaisy//build\libdaisy.a(sai.o)
                0x08003f7c                daisy::SaiHandle::GetOffset() const
 .text._ZN5daisy11TimerHandleD2Ev
                0x08003f84        0x4 ../../libDaisy//build\libdaisy.a(system.o)
                0x08003f84                daisy::TimerHandle::~TimerHandle()
                0x08003f84                daisy::TimerHandle::~TimerHandle()
 .text.SysTick_Handler
                0x08003f88       0x10 ../../libDaisy//build\libdaisy.a(system.o)
                0x08003f88                SysTick_Handler
 .text.OTG_HS_EP1_OUT_IRQHandler
                0x08003f98       0x24 ../../libDaisy//build\libdaisy.a(system.o)
                0x08003f98                OTG_HS_EP1_OUT_IRQHandler
 .text.OTG_HS_EP1_IN_IRQHandler
                0x08003fbc       0x24 ../../libDaisy//build\libdaisy.a(system.o)
                0x08003fbc                OTG_HS_EP1_IN_IRQHandler
 .text.OTG_HS_IRQHandler
                0x08003fe0       0x24 ../../libDaisy//build\libdaisy.a(system.o)
                0x08003fe0                OTG_HS_IRQHandler
 .text.HardFault_Handler
                0x08004004       0xe0 ../../libDaisy//build\libdaisy.a(system.o)
                0x08004004                HardFault_Handler
 .text._ZN5daisy6System6GetNowEv
                0x080040e4        0x4 ../../libDaisy//build\libdaisy.a(system.o)
                0x080040e4                daisy::System::GetNow()
 .text._ZN5daisy6System5DelayEm
                0x080040e8        0x4 ../../libDaisy//build\libdaisy.a(system.o)
                0x080040e8                daisy::System::Delay(unsigned long)
 .text._ZN5daisy6System20GetBootloaderVersionEv
                0x080040ec       0x34 ../../libDaisy//build\libdaisy.a(system.o)
                0x080040ec                daisy::System::GetBootloaderVersion()
 .text._ZN5daisy6System15ConfigureClocksEv
                0x08004120      0x194 ../../libDaisy//build\libdaisy.a(system.o)
                0x08004120                daisy::System::ConfigureClocks()
 .text._ZN5daisy6System12ConfigureMpuEv
                0x080042b4       0x7c ../../libDaisy//build\libdaisy.a(system.o)
                0x080042b4                daisy::System::ConfigureMpu()
 .text._ZN5daisy6System4InitERKNS0_6ConfigE
                0x08004330       0xec ../../libDaisy//build\libdaisy.a(system.o)
                0x08004330                daisy::System::Init(daisy::System::Config const&)
 .text._ZN5daisy6System12GetPClk1FreqEv
                0x0800441c        0x4 ../../libDaisy//build\libdaisy.a(system.o)
                0x0800441c                daisy::System::GetPClk1Freq()
 .text._ZN5daisy6System22GetProgramMemoryRegionEv
                0x08004420       0x78 ../../libDaisy//build\libdaisy.a(system.o)
                0x08004420                daisy::System::GetProgramMemoryRegion()
 .text.startup._GLOBAL__sub_I__ZN5daisy9boot_infoE
                0x08004498       0x1c ../../libDaisy//build\libdaisy.a(system.o)
 .text.SystemInit
                0x080044b4       0x9c ../../libDaisy//build\libdaisy.a(system_stm32h7xx.o)
                0x080044b4                SystemInit
 .text.dummy_rx_callback
                0x08004550        0x4 ../../libDaisy//build\libdaisy.a(usbd_cdc_if.o)
                0x08004550                dummy_rx_callback
 .text.CDC_DeInit_FS
                0x08004554        0x4 ../../libDaisy//build\libdaisy.a(usbd_cdc_if.o)
 .text.CDC_Receive_FS
                0x08004558       0x2c ../../libDaisy//build\libdaisy.a(usbd_cdc_if.o)
 .text.CDC_Receive_HS
                0x08004584       0x2c ../../libDaisy//build\libdaisy.a(usbd_cdc_if.o)
 .text.CDC_Init_FS
                0x080045b0       0x3c ../../libDaisy//build\libdaisy.a(usbd_cdc_if.o)
 .text.CDC_Init_HS
                0x080045ec       0x3c ../../libDaisy//build\libdaisy.a(usbd_cdc_if.o)
 .text.CDC_Control_FS
                0x08004628       0x34 ../../libDaisy//build\libdaisy.a(usbd_cdc_if.o)
 .text.CDC_Control_HS
                0x0800465c       0x34 ../../libDaisy//build\libdaisy.a(usbd_cdc_if.o)
 .text.CDC_DeInit_HS
                0x08004690        0x4 ../../libDaisy//build\libdaisy.a(usbd_cdc_if.o)
 .text.CDC_Transmit_FS
                0x08004694       0x2c ../../libDaisy//build\libdaisy.a(usbd_cdc_if.o)
                0x08004694                CDC_Transmit_FS
 .text.HAL_PCD_MspInit
                0x080046c0      0x144 ../../libDaisy//build\libdaisy.a(usbd_conf.o)
                0x080046c0                HAL_PCD_MspInit
 .text.HAL_PCD_SetupStageCallback
                0x08004804        0xc ../../libDaisy//build\libdaisy.a(usbd_conf.o)
                0x08004804                HAL_PCD_SetupStageCallback
 .text.HAL_PCD_DataOutStageCallback
                0x08004810       0x14 ../../libDaisy//build\libdaisy.a(usbd_conf.o)
                0x08004810                HAL_PCD_DataOutStageCallback
 .text.HAL_PCD_DataInStageCallback
                0x08004824       0x14 ../../libDaisy//build\libdaisy.a(usbd_conf.o)
                0x08004824                HAL_PCD_DataInStageCallback
 .text.HAL_PCD_SOFCallback
                0x08004838        0x8 ../../libDaisy//build\libdaisy.a(usbd_conf.o)
                0x08004838                HAL_PCD_SOFCallback
 .text.HAL_PCD_ResetCallback
                0x08004840       0x24 ../../libDaisy//build\libdaisy.a(usbd_conf.o)
                0x08004840                HAL_PCD_ResetCallback
 .text.HAL_PCD_SuspendCallback
                0x08004864       0x30 ../../libDaisy//build\libdaisy.a(usbd_conf.o)
                0x08004864                HAL_PCD_SuspendCallback
 .text.HAL_PCD_ResumeCallback
                0x08004894        0x8 ../../libDaisy//build\libdaisy.a(usbd_conf.o)
                0x08004894                HAL_PCD_ResumeCallback
 .text.HAL_PCD_ISOOUTIncompleteCallback
                0x0800489c        0x8 ../../libDaisy//build\libdaisy.a(usbd_conf.o)
                0x0800489c                HAL_PCD_ISOOUTIncompleteCallback
 .text.HAL_PCD_ISOINIncompleteCallback
                0x080048a4        0x8 ../../libDaisy//build\libdaisy.a(usbd_conf.o)
                0x080048a4                HAL_PCD_ISOINIncompleteCallback
 .text.HAL_PCD_ConnectCallback
                0x080048ac        0x8 ../../libDaisy//build\libdaisy.a(usbd_conf.o)
                0x080048ac                HAL_PCD_ConnectCallback
 .text.HAL_PCD_DisconnectCallback
                0x080048b4        0x8 ../../libDaisy//build\libdaisy.a(usbd_conf.o)
                0x080048b4                HAL_PCD_DisconnectCallback
 .text.USBD_LL_Init
                0x080048bc       0xe4 ../../libDaisy//build\libdaisy.a(usbd_conf.o)
                0x080048bc                USBD_LL_Init
 .text.USBD_LL_Start
                0x080049a0       0x1c ../../libDaisy//build\libdaisy.a(usbd_conf.o)
                0x080049a0                USBD_LL_Start
 .text.USBD_LL_OpenEP
                0x080049bc       0x24 ../../libDaisy//build\libdaisy.a(usbd_conf.o)
                0x080049bc                USBD_LL_OpenEP
 .text.USBD_LL_CloseEP
                0x080049e0       0x1c ../../libDaisy//build\libdaisy.a(usbd_conf.o)
                0x080049e0                USBD_LL_CloseEP
 .text.USBD_LL_StallEP
                0x080049fc       0x1c ../../libDaisy//build\libdaisy.a(usbd_conf.o)
                0x080049fc                USBD_LL_StallEP
 .text.USBD_LL_ClearStallEP
                0x08004a18       0x1c ../../libDaisy//build\libdaisy.a(usbd_conf.o)
                0x08004a18                USBD_LL_ClearStallEP
 .text.USBD_LL_IsStallEP
                0x08004a34       0x28 ../../libDaisy//build\libdaisy.a(usbd_conf.o)
                0x08004a34                USBD_LL_IsStallEP
 .text.USBD_LL_SetUSBAddress
                0x08004a5c       0x1c ../../libDaisy//build\libdaisy.a(usbd_conf.o)
                0x08004a5c                USBD_LL_SetUSBAddress
 .text.USBD_LL_Transmit
                0x08004a78       0x1c ../../libDaisy//build\libdaisy.a(usbd_conf.o)
                0x08004a78                USBD_LL_Transmit
 .text.USBD_LL_PrepareReceive
                0x08004a94       0x1c ../../libDaisy//build\libdaisy.a(usbd_conf.o)
                0x08004a94                USBD_LL_PrepareReceive
 .text.USBD_LL_GetRxDataSize
                0x08004ab0        0x8 ../../libDaisy//build\libdaisy.a(usbd_conf.o)
                0x08004ab0                USBD_LL_GetRxDataSize
 .text.USBD_HS_DeviceDescriptor
                0x08004ab8        0xc ../../libDaisy//build\libdaisy.a(usbd_desc.o)
                0x08004ab8                USBD_HS_DeviceDescriptor
 .text.USBD_FS_DeviceDescriptor
                0x08004ac4        0xc ../../libDaisy//build\libdaisy.a(usbd_desc.o)
                0x08004ac4                USBD_FS_DeviceDescriptor
 .text.USBD_FS_LangIDStrDescriptor
                0x08004ad0        0xc ../../libDaisy//build\libdaisy.a(usbd_desc.o)
                0x08004ad0                USBD_FS_LangIDStrDescriptor
 .text.USBD_FS_ManufacturerStrDescriptor
                0x08004adc       0x1c ../../libDaisy//build\libdaisy.a(usbd_desc.o)
                0x08004adc                USBD_FS_ManufacturerStrDescriptor
 .text.USBD_HS_ProductStrDescriptor
                0x08004af8       0x1c ../../libDaisy//build\libdaisy.a(usbd_desc.o)
                0x08004af8                USBD_HS_ProductStrDescriptor
 .text.USBD_FS_ConfigStrDescriptor
                0x08004b14       0x1c ../../libDaisy//build\libdaisy.a(usbd_desc.o)
                0x08004b14                USBD_FS_ConfigStrDescriptor
 .text.USBD_FS_InterfaceStrDescriptor
                0x08004b30       0x1c ../../libDaisy//build\libdaisy.a(usbd_desc.o)
                0x08004b30                USBD_FS_InterfaceStrDescriptor
 .text.USBD_FS_ProductStrDescriptor
                0x08004b4c       0x1c ../../libDaisy//build\libdaisy.a(usbd_desc.o)
                0x08004b4c                USBD_FS_ProductStrDescriptor
 .text.USBD_HS_LangIDStrDescriptor
                0x08004b68        0xc ../../libDaisy//build\libdaisy.a(usbd_desc.o)
                0x08004b68                USBD_HS_LangIDStrDescriptor
 .text.USBD_HS_ManufacturerStrDescriptor
                0x08004b74       0x1c ../../libDaisy//build\libdaisy.a(usbd_desc.o)
                0x08004b74                USBD_HS_ManufacturerStrDescriptor
 .text.USBD_FS_SerialStrDescriptor
                0x08004b90      0x124 ../../libDaisy//build\libdaisy.a(usbd_desc.o)
                0x08004b90                USBD_FS_SerialStrDescriptor
 .text.USBD_HS_SerialStrDescriptor
                0x08004cb4      0x124 ../../libDaisy//build\libdaisy.a(usbd_desc.o)
                0x08004cb4                USBD_HS_SerialStrDescriptor
 .text.USBD_HS_InterfaceStrDescriptor
                0x08004dd8       0x1c ../../libDaisy//build\libdaisy.a(usbd_desc.o)
                0x08004dd8                USBD_HS_InterfaceStrDescriptor
 .text.USBD_HS_ConfigStrDescriptor
                0x08004df4       0x1c ../../libDaisy//build\libdaisy.a(usbd_desc.o)
                0x08004df4                USBD_HS_ConfigStrDescriptor
 .text.HAL_HCD_SOF_Callback
                0x08004e10        0x8 ../../libDaisy//build\libdaisy.a(usbh_conf.o)
                0x08004e10                HAL_HCD_SOF_Callback
 .text.HAL_HCD_Connect_Callback
                0x08004e18        0x8 ../../libDaisy//build\libdaisy.a(usbh_conf.o)
                0x08004e18                HAL_HCD_Connect_Callback
 .text.HAL_HCD_Disconnect_Callback
                0x08004e20        0x8 ../../libDaisy//build\libdaisy.a(usbh_conf.o)
                0x08004e20                HAL_HCD_Disconnect_Callback
 .text.HAL_HCD_HC_NotifyURBChange_Callback
                0x08004e28        0x4 ../../libDaisy//build\libdaisy.a(usbh_conf.o)
                0x08004e28                HAL_HCD_HC_NotifyURBChange_Callback
 .text.HAL_HCD_PortEnabled_Callback
                0x08004e2c        0x8 ../../libDaisy//build\libdaisy.a(usbh_conf.o)
                0x08004e2c                HAL_HCD_PortEnabled_Callback
 .text.HAL_HCD_PortDisabled_Callback
                0x08004e34        0x8 ../../libDaisy//build\libdaisy.a(usbh_conf.o)
                0x08004e34                HAL_HCD_PortDisabled_Callback
 .text.USBH_LL_Stop
                0x08004e3c       0x1c ../../libDaisy//build\libdaisy.a(usbh_conf.o)
                0x08004e3c                USBH_LL_Stop
 .text.dsy_hal_map_get_port
                0x08004e58       0x10 ../../libDaisy//build\libdaisy.a(hal_map.o)
                0x08004e58                dsy_hal_map_get_port
 .text.dsy_hal_map_get_pin
                0x08004e68       0x10 ../../libDaisy//build\libdaisy.a(hal_map.o)
                0x08004e68                dsy_hal_map_get_pin
 .text.dsy_hal_map_gpio_clk_enable
                0x08004e78      0x150 ../../libDaisy//build\libdaisy.a(hal_map.o)
                0x08004e78                dsy_hal_map_gpio_clk_enable
 .text.HAL_MspInit
                0x08004fc8        0x4 ../../libDaisy//build\libdaisy.a(stm32h7xx_hal.o)
                0x08004fc8                HAL_MspInit
 .text.HAL_InitTick
                0x08004fcc       0x4c ../../libDaisy//build\libdaisy.a(stm32h7xx_hal.o)
                0x08004fcc                HAL_InitTick
 .text.HAL_Init
                0x08005018       0x60 ../../libDaisy//build\libdaisy.a(stm32h7xx_hal.o)
                0x08005018                HAL_Init
 .text.HAL_IncTick
                0x08005078       0x18 ../../libDaisy//build\libdaisy.a(stm32h7xx_hal.o)
                0x08005078                HAL_IncTick
 .text.HAL_GetTick
                0x08005090        0xc ../../libDaisy//build\libdaisy.a(stm32h7xx_hal.o)
                0x08005090                HAL_GetTick
 .text.HAL_Delay
                0x0800509c       0x24 ../../libDaisy//build\libdaisy.a(stm32h7xx_hal.o)
                0x0800509c                HAL_Delay
 .text.HAL_GetREVID
                0x080050c0        0xc ../../libDaisy//build\libdaisy.a(stm32h7xx_hal.o)
                0x080050c0                HAL_GetREVID
 .text.HAL_NVIC_SetPriorityGrouping
                0x080050cc       0x24 ../../libDaisy//build\libdaisy.a(stm32h7xx_hal_cortex.o)
                0x080050cc                HAL_NVIC_SetPriorityGrouping
 .text.HAL_NVIC_SetPriority
                0x080050f0       0x7c ../../libDaisy//build\libdaisy.a(stm32h7xx_hal_cortex.o)
                0x080050f0                HAL_NVIC_SetPriority
 .text.HAL_NVIC_EnableIRQ
                0x0800516c       0x1c ../../libDaisy//build\libdaisy.a(stm32h7xx_hal_cortex.o)
                0x0800516c                HAL_NVIC_EnableIRQ
 .text.HAL_NVIC_DisableIRQ
                0x08005188       0x28 ../../libDaisy//build\libdaisy.a(stm32h7xx_hal_cortex.o)
                0x08005188                HAL_NVIC_DisableIRQ
 .text.HAL_SYSTICK_Config
                0x080051b0       0x2c ../../libDaisy//build\libdaisy.a(stm32h7xx_hal_cortex.o)
                0x080051b0                HAL_SYSTICK_Config
 .text.HAL_MPU_Disable
                0x080051dc       0x1c ../../libDaisy//build\libdaisy.a(stm32h7xx_hal_cortex.o)
                0x080051dc                HAL_MPU_Disable
 .text.HAL_MPU_Enable
                0x080051f8       0x20 ../../libDaisy//build\libdaisy.a(stm32h7xx_hal_cortex.o)
                0x080051f8                HAL_MPU_Enable
 .text.HAL_MPU_ConfigRegion
                0x08005218       0x64 ../../libDaisy//build\libdaisy.a(stm32h7xx_hal_cortex.o)
                0x08005218                HAL_MPU_ConfigRegion
 .text.HAL_SYSTICK_Callback
                0x0800527c        0x4 ../../libDaisy//build\libdaisy.a(stm32h7xx_hal_cortex.o)
                0x0800527c                HAL_SYSTICK_Callback
 .text.HAL_SYSTICK_IRQHandler
                0x08005280        0x8 ../../libDaisy//build\libdaisy.a(stm32h7xx_hal_cortex.o)
                0x08005280                HAL_SYSTICK_IRQHandler
 .text.DMA_CalcBaseAndBitshift
                0x08005288       0xf4 ../../libDaisy//build\libdaisy.a(stm32h7xx_hal_dma.o)
 .text.DMA_CalcDMAMUXChannelBaseAndMask
                0x0800537c       0xd8 ../../libDaisy//build\libdaisy.a(stm32h7xx_hal_dma.o)
 .text.HAL_DMA_Init
                0x08005454      0x37c ../../libDaisy//build\libdaisy.a(stm32h7xx_hal_dma.o)
                0x08005454                HAL_DMA_Init
 .text.HAL_DMA_Start_IT
                0x080057d0      0x240 ../../libDaisy//build\libdaisy.a(stm32h7xx_hal_dma.o)
                0x080057d0                HAL_DMA_Start_IT
 .text.HAL_DMA_Abort_IT
                0x08005a10      0x134 ../../libDaisy//build\libdaisy.a(stm32h7xx_hal_dma.o)
                0x08005a10                HAL_DMA_Abort_IT
 .text.HAL_DMA_IRQHandler
                0x08005b44      0x6a0 ../../libDaisy//build\libdaisy.a(stm32h7xx_hal_dma.o)
                0x08005b44                HAL_DMA_IRQHandler
 .text.HAL_DMA_GetError
                0x080061e4        0x4 ../../libDaisy//build\libdaisy.a(stm32h7xx_hal_dma.o)
                0x080061e4                HAL_DMA_GetError
 .text.HAL_GPIO_Init
                0x080061e8      0x280 ../../libDaisy//build\libdaisy.a(stm32h7xx_hal_gpio.o)
                0x080061e8                HAL_GPIO_Init
 .text.HAL_GPIO_DeInit
                0x08006468      0x190 ../../libDaisy//build\libdaisy.a(stm32h7xx_hal_gpio.o)
                0x08006468                HAL_GPIO_DeInit
 .text.HAL_GPIO_ReadPin
                0x080065f8        0xc ../../libDaisy//build\libdaisy.a(stm32h7xx_hal_gpio.o)
                0x080065f8                HAL_GPIO_ReadPin
 .text.HAL_GPIO_WritePin
                0x08006604        0x8 ../../libDaisy//build\libdaisy.a(stm32h7xx_hal_gpio.o)
                0x08006604                HAL_GPIO_WritePin
 .text.HAL_HCD_IRQHandler
                0x0800660c      0x780 ../../libDaisy//build\libdaisy.a(stm32h7xx_hal_hcd.o)
                0x0800660c                HAL_HCD_IRQHandler
 .text.HAL_HCD_Stop
                0x08006d8c       0x28 ../../libDaisy//build\libdaisy.a(stm32h7xx_hal_hcd.o)
                0x08006d8c                HAL_HCD_Stop
 .text.I2C_WaitOnTXISFlagUntilTimeout
                0x08006db4       0xb8 ../../libDaisy//build\libdaisy.a(stm32h7xx_hal_i2c.o)
 .text.I2C_WaitOnSTOPFlagUntilTimeout
                0x08006e6c       0xac ../../libDaisy//build\libdaisy.a(stm32h7xx_hal_i2c.o)
 .text.HAL_I2C_Init
                0x08006f18       0xac ../../libDaisy//build\libdaisy.a(stm32h7xx_hal_i2c.o)
                0x08006f18                HAL_I2C_Init
 .text.HAL_I2C_Master_Transmit
                0x08006fc4      0x1a8 ../../libDaisy//build\libdaisy.a(stm32h7xx_hal_i2c.o)
                0x08006fc4                HAL_I2C_Master_Transmit
 .text.HAL_I2C_Slave_Transmit
                0x0800716c      0x1c8 ../../libDaisy//build\libdaisy.a(stm32h7xx_hal_i2c.o)
                0x0800716c                HAL_I2C_Slave_Transmit
 .text.HAL_I2C_EV_IRQHandler
                0x08007334       0x10 ../../libDaisy//build\libdaisy.a(stm32h7xx_hal_i2c.o)
                0x08007334                HAL_I2C_EV_IRQHandler
 .text.HAL_I2C_GetState
                0x08007344        0x8 ../../libDaisy//build\libdaisy.a(stm32h7xx_hal_i2c.o)
                0x08007344                HAL_I2C_GetState
 .text.HAL_I2CEx_ConfigAnalogFilter
                0x0800734c       0x54 ../../libDaisy//build\libdaisy.a(stm32h7xx_hal_i2c_ex.o)
                0x0800734c                HAL_I2CEx_ConfigAnalogFilter
 .text.HAL_I2CEx_ConfigDigitalFilter
                0x080073a0       0x58 ../../libDaisy//build\libdaisy.a(stm32h7xx_hal_i2c_ex.o)
                0x080073a0                HAL_I2CEx_ConfigDigitalFilter
 .text.HAL_PCD_Init
                0x080073f8      0x12c ../../libDaisy//build\libdaisy.a(stm32h7xx_hal_pcd.o)
                0x080073f8                HAL_PCD_Init
 .text.HAL_PCD_Start
                0x08007524       0x44 ../../libDaisy//build\libdaisy.a(stm32h7xx_hal_pcd.o)
                0x08007524                HAL_PCD_Start
 .text.HAL_PCD_IRQHandler
                0x08007568      0x69c ../../libDaisy//build\libdaisy.a(stm32h7xx_hal_pcd.o)
                0x08007568                HAL_PCD_IRQHandler
 .text.HAL_PCD_SetAddress
                0x08007c04       0x2c ../../libDaisy//build\libdaisy.a(stm32h7xx_hal_pcd.o)
                0x08007c04                HAL_PCD_SetAddress
 .text.HAL_PCD_EP_Open
                0x08007c30       0x7c ../../libDaisy//build\libdaisy.a(stm32h7xx_hal_pcd.o)
                0x08007c30                HAL_PCD_EP_Open
 .text.HAL_PCD_EP_Close
                0x08007cac       0x6c ../../libDaisy//build\libdaisy.a(stm32h7xx_hal_pcd.o)
                0x08007cac                HAL_PCD_EP_Close
 .text.HAL_PCD_EP_Receive
                0x08007d18       0x50 ../../libDaisy//build\libdaisy.a(stm32h7xx_hal_pcd.o)
                0x08007d18                HAL_PCD_EP_Receive
 .text.HAL_PCD_EP_GetRxCount
                0x08007d68       0x14 ../../libDaisy//build\libdaisy.a(stm32h7xx_hal_pcd.o)
                0x08007d68                HAL_PCD_EP_GetRxCount
 .text.HAL_PCD_EP_Transmit
                0x08007d7c       0x50 ../../libDaisy//build\libdaisy.a(stm32h7xx_hal_pcd.o)
                0x08007d7c                HAL_PCD_EP_Transmit
 .text.HAL_PCD_EP_SetStall
                0x08007dcc       0x88 ../../libDaisy//build\libdaisy.a(stm32h7xx_hal_pcd.o)
                0x08007dcc                HAL_PCD_EP_SetStall
 .text.HAL_PCD_EP_ClrStall
                0x08007e54       0x78 ../../libDaisy//build\libdaisy.a(stm32h7xx_hal_pcd.o)
                0x08007e54                HAL_PCD_EP_ClrStall
 .text.HAL_PCDEx_SetTxFiFo
                0x08007ecc       0x54 ../../libDaisy//build\libdaisy.a(stm32h7xx_hal_pcd_ex.o)
                0x08007ecc                HAL_PCDEx_SetTxFiFo
 .text.HAL_PCDEx_SetRxFiFo
                0x08007f20        0xc ../../libDaisy//build\libdaisy.a(stm32h7xx_hal_pcd_ex.o)
                0x08007f20                HAL_PCDEx_SetRxFiFo
 .text.HAL_PCDEx_ActivateLPM
                0x08007f2c       0x30 ../../libDaisy//build\libdaisy.a(stm32h7xx_hal_pcd_ex.o)
                0x08007f2c                HAL_PCDEx_ActivateLPM
 .text.HAL_PCDEx_LPM_Callback
                0x08007f5c        0x4 ../../libDaisy//build\libdaisy.a(stm32h7xx_hal_pcd_ex.o)
                0x08007f5c                HAL_PCDEx_LPM_Callback
 .text.HAL_PWREx_ConfigSupply
                0x08007f60       0x4c ../../libDaisy//build\libdaisy.a(stm32h7xx_hal_pwr_ex.o)
                0x08007f60                HAL_PWREx_ConfigSupply
 .text.HAL_PWREx_EnableUSBVoltageDetector
                0x08007fac       0x10 ../../libDaisy//build\libdaisy.a(stm32h7xx_hal_pwr_ex.o)
                0x08007fac                HAL_PWREx_EnableUSBVoltageDetector
 .text.QSPI_Config
                0x08007fbc      0x174 ../../libDaisy//build\libdaisy.a(stm32h7xx_hal_qspi.o)
 .text.HAL_QSPI_Init
                0x08008130       0xd8 ../../libDaisy//build\libdaisy.a(stm32h7xx_hal_qspi.o)
                0x08008130                HAL_QSPI_Init
 .text.HAL_QSPI_DeInit
                0x08008208       0x3c ../../libDaisy//build\libdaisy.a(stm32h7xx_hal_qspi.o)
                0x08008208                HAL_QSPI_DeInit
 .text.HAL_QSPI_Command
                0x08008244       0xd4 ../../libDaisy//build\libdaisy.a(stm32h7xx_hal_qspi.o)
                0x08008244                HAL_QSPI_Command
 .text.HAL_QSPI_Transmit
                0x08008318       0xfc ../../libDaisy//build\libdaisy.a(stm32h7xx_hal_qspi.o)
                0x08008318                HAL_QSPI_Transmit
 .text.HAL_QSPI_Receive
                0x08008414      0x108 ../../libDaisy//build\libdaisy.a(stm32h7xx_hal_qspi.o)
                0x08008414                HAL_QSPI_Receive
 .text.HAL_QSPI_AutoPolling
                0x0800851c       0xf0 ../../libDaisy//build\libdaisy.a(stm32h7xx_hal_qspi.o)
                0x0800851c                HAL_QSPI_AutoPolling
 .text.HAL_QSPI_MemoryMapped
                0x0800860c       0xc0 ../../libDaisy//build\libdaisy.a(stm32h7xx_hal_qspi.o)
                0x0800860c                HAL_QSPI_MemoryMapped
 .text.HAL_QSPI_ErrorCallback
                0x080086cc        0x4 ../../libDaisy//build\libdaisy.a(stm32h7xx_hal_qspi.o)
                0x080086cc                HAL_QSPI_ErrorCallback
 .text.QSPI_DMAAbortCplt
                0x080086d0       0x38 ../../libDaisy//build\libdaisy.a(stm32h7xx_hal_qspi.o)
 .text.HAL_QSPI_AbortCpltCallback
                0x08008708        0x4 ../../libDaisy//build\libdaisy.a(stm32h7xx_hal_qspi.o)
                0x08008708                HAL_QSPI_AbortCpltCallback
 .text.HAL_QSPI_CmdCpltCallback
                0x0800870c        0x4 ../../libDaisy//build\libdaisy.a(stm32h7xx_hal_qspi.o)
                0x0800870c                HAL_QSPI_CmdCpltCallback
 .text.HAL_QSPI_RxCpltCallback
                0x08008710        0x4 ../../libDaisy//build\libdaisy.a(stm32h7xx_hal_qspi.o)
                0x08008710                HAL_QSPI_RxCpltCallback
 .text.HAL_QSPI_TxCpltCallback
                0x08008714        0x4 ../../libDaisy//build\libdaisy.a(stm32h7xx_hal_qspi.o)
                0x08008714                HAL_QSPI_TxCpltCallback
 .text.HAL_QSPI_FifoThresholdCallback
                0x08008718        0x4 ../../libDaisy//build\libdaisy.a(stm32h7xx_hal_qspi.o)
                0x08008718                HAL_QSPI_FifoThresholdCallback
 .text.HAL_QSPI_StatusMatchCallback
                0x0800871c        0x4 ../../libDaisy//build\libdaisy.a(stm32h7xx_hal_qspi.o)
                0x0800871c                HAL_QSPI_StatusMatchCallback
 .text.HAL_QSPI_TimeOutCallback
                0x08008720        0x4 ../../libDaisy//build\libdaisy.a(stm32h7xx_hal_qspi.o)
                0x08008720                HAL_QSPI_TimeOutCallback
 .text.HAL_QSPI_IRQHandler
                0x08008724      0x210 ../../libDaisy//build\libdaisy.a(stm32h7xx_hal_qspi.o)
                0x08008724                HAL_QSPI_IRQHandler
 .text.HAL_RCC_OscConfig
                0x08008934      0x51c ../../libDaisy//build\libdaisy.a(stm32h7xx_hal_rcc.o)
                0x08008934                HAL_RCC_OscConfig
 .text.HAL_RCC_GetSysClockFreq
                0x08008e50      0x140 ../../libDaisy//build\libdaisy.a(stm32h7xx_hal_rcc.o)
                0x08008e50                HAL_RCC_GetSysClockFreq
 .text.HAL_RCC_ClockConfig
                0x08008f90      0x234 ../../libDaisy//build\libdaisy.a(stm32h7xx_hal_rcc.o)
                0x08008f90                HAL_RCC_ClockConfig
 .text.HAL_RCC_GetHCLKFreq
                0x080091c4       0x2c ../../libDaisy//build\libdaisy.a(stm32h7xx_hal_rcc.o)
                0x080091c4                HAL_RCC_GetHCLKFreq
 .text.HAL_RCC_GetPCLK1Freq
                0x080091f0       0x38 ../../libDaisy//build\libdaisy.a(stm32h7xx_hal_rcc.o)
                0x080091f0                HAL_RCC_GetPCLK1Freq
 .text.HAL_RCC_GetPCLK2Freq
                0x08009228       0x38 ../../libDaisy//build\libdaisy.a(stm32h7xx_hal_rcc.o)
                0x08009228                HAL_RCC_GetPCLK2Freq
 .text.RCCEx_PLL2_Config
                0x08009260       0xf4 ../../libDaisy//build\libdaisy.a(stm32h7xx_hal_rcc_ex.o)
 .text.RCCEx_PLL3_Config
                0x08009354       0xf4 ../../libDaisy//build\libdaisy.a(stm32h7xx_hal_rcc_ex.o)
 .text.HAL_RCCEx_PeriphCLKConfig
                0x08009448      0xa7c ../../libDaisy//build\libdaisy.a(stm32h7xx_hal_rcc_ex.o)
                0x08009448                HAL_RCCEx_PeriphCLKConfig
 .text.HAL_RCCEx_GetD3PCLK1Freq
                0x08009ec4       0x24 ../../libDaisy//build\libdaisy.a(stm32h7xx_hal_rcc_ex.o)
                0x08009ec4                HAL_RCCEx_GetD3PCLK1Freq
 .text.HAL_RCCEx_GetPLL2ClockFreq
                0x08009ee8      0x17c ../../libDaisy//build\libdaisy.a(stm32h7xx_hal_rcc_ex.o)
                0x08009ee8                HAL_RCCEx_GetPLL2ClockFreq
 .text.HAL_RCCEx_GetPLL3ClockFreq
                0x0800a064      0x17c ../../libDaisy//build\libdaisy.a(stm32h7xx_hal_rcc_ex.o)
                0x0800a064                HAL_RCCEx_GetPLL3ClockFreq
 .text.HAL_RCCEx_GetPLL1ClockFreq
                0x0800a1e0      0x17c ../../libDaisy//build\libdaisy.a(stm32h7xx_hal_rcc_ex.o)
                0x0800a1e0                HAL_RCCEx_GetPLL1ClockFreq
 .text.HAL_RCCEx_GetPeriphCLKFreq
                0x0800a35c      0x198 ../../libDaisy//build\libdaisy.a(stm32h7xx_hal_rcc_ex.o)
                0x0800a35c                HAL_RCCEx_GetPeriphCLKFreq
 .text.HAL_RCCEx_GetD1SysClockFreq
                0x0800a4f4       0x2c ../../libDaisy//build\libdaisy.a(stm32h7xx_hal_rcc_ex.o)
                0x0800a4f4                HAL_RCCEx_GetD1SysClockFreq
 .text.HAL_SAI_Init.part.0
                0x0800a520      0x348 ../../libDaisy//build\libdaisy.a(stm32h7xx_hal_sai.o)
 .text.HAL_SAI_InitProtocol
                0x0800a868      0x178 ../../libDaisy//build\libdaisy.a(stm32h7xx_hal_sai.o)
                0x0800a868                HAL_SAI_InitProtocol
 .text.HAL_SAI_Transmit_DMA
                0x0800a9e0      0x124 ../../libDaisy//build\libdaisy.a(stm32h7xx_hal_sai.o)
                0x0800a9e0                HAL_SAI_Transmit_DMA
 .text.HAL_SAI_Receive_DMA
                0x0800ab04       0xd0 ../../libDaisy//build\libdaisy.a(stm32h7xx_hal_sai.o)
                0x0800ab04                HAL_SAI_Receive_DMA
 .text.HAL_SAI_TxCpltCallback
                0x0800abd4        0x4 ../../libDaisy//build\libdaisy.a(stm32h7xx_hal_sai.o)
                0x0800abd4                HAL_SAI_TxCpltCallback
 .text.SAI_DMATxCplt
                0x0800abd8       0x64 ../../libDaisy//build\libdaisy.a(stm32h7xx_hal_sai.o)
 .text.HAL_SAI_TxHalfCpltCallback
                0x0800ac3c        0x4 ../../libDaisy//build\libdaisy.a(stm32h7xx_hal_sai.o)
                0x0800ac3c                HAL_SAI_TxHalfCpltCallback
 .text.SAI_DMATxHalfCplt
                0x0800ac40        0xc ../../libDaisy//build\libdaisy.a(stm32h7xx_hal_sai.o)
 .text.SAI_DMARxCplt
                0x0800ac4c       0x64 ../../libDaisy//build\libdaisy.a(stm32h7xx_hal_sai.o)
 .text.SAI_DMARxHalfCplt
                0x0800acb0        0xc ../../libDaisy//build\libdaisy.a(stm32h7xx_hal_sai.o)
 .text.HAL_SAI_ErrorCallback
                0x0800acbc        0x4 ../../libDaisy//build\libdaisy.a(stm32h7xx_hal_sai.o)
                0x0800acbc                HAL_SAI_ErrorCallback
 .text.SAI_DMAError
                0x0800acc0       0x6c ../../libDaisy//build\libdaisy.a(stm32h7xx_hal_sai.o)
 .text.HAL_SDRAM_Init
                0x0800ad2c       0x54 ../../libDaisy//build\libdaisy.a(stm32h7xx_hal_sdram.o)
                0x0800ad2c                HAL_SDRAM_Init
 .text.HAL_SDRAM_SendCommand
                0x0800ad80       0x40 ../../libDaisy//build\libdaisy.a(stm32h7xx_hal_sdram.o)
                0x0800ad80                HAL_SDRAM_SendCommand
 .text.HAL_SDRAM_ProgramRefreshRate
                0x0800adc0       0x30 ../../libDaisy//build\libdaisy.a(stm32h7xx_hal_sdram.o)
                0x0800adc0                HAL_SDRAM_ProgramRefreshRate
 .text.FMC_SDRAM_Init
                0x0800adf0       0x7c ../../libDaisy//build\libdaisy.a(stm32h7xx_ll_fmc.o)
                0x0800adf0                FMC_SDRAM_Init
 .text.FMC_SDRAM_Timing_Init
                0x0800ae6c       0x98 ../../libDaisy//build\libdaisy.a(stm32h7xx_ll_fmc.o)
                0x0800ae6c                FMC_SDRAM_Timing_Init
 .text.FMC_SDRAM_SendCommand
                0x0800af04       0x28 ../../libDaisy//build\libdaisy.a(stm32h7xx_ll_fmc.o)
                0x0800af04                FMC_SDRAM_SendCommand
 .text.FMC_SDRAM_ProgramRefreshRate
                0x0800af2c       0x1c ../../libDaisy//build\libdaisy.a(stm32h7xx_ll_fmc.o)
                0x0800af2c                FMC_SDRAM_ProgramRefreshRate
 .text.USB_CoreInit
                0x0800af48      0x124 ../../libDaisy//build\libdaisy.a(stm32h7xx_ll_usb.o)
                0x0800af48                USB_CoreInit
 .text.USB_SetTurnaroundTime
                0x0800b06c      0x104 ../../libDaisy//build\libdaisy.a(stm32h7xx_ll_usb.o)
                0x0800b06c                USB_SetTurnaroundTime
 .text.USB_EnableGlobalInt
                0x0800b170       0x10 ../../libDaisy//build\libdaisy.a(stm32h7xx_ll_usb.o)
                0x0800b170                USB_EnableGlobalInt
 .text.USB_DisableGlobalInt
                0x0800b180       0x10 ../../libDaisy//build\libdaisy.a(stm32h7xx_ll_usb.o)
                0x0800b180                USB_DisableGlobalInt
 .text.USB_SetCurrentMode
                0x0800b190       0x30 ../../libDaisy//build\libdaisy.a(stm32h7xx_ll_usb.o)
                0x0800b190                USB_SetCurrentMode
 .text.USB_DevInit
                0x0800b1c0      0x20c ../../libDaisy//build\libdaisy.a(stm32h7xx_ll_usb.o)
                0x0800b1c0                USB_DevInit
 .text.USB_FlushTxFifo
                0x0800b3cc       0x34 ../../libDaisy//build\libdaisy.a(stm32h7xx_ll_usb.o)
                0x0800b3cc                USB_FlushTxFifo
 .text.USB_GetDevSpeed
                0x0800b400       0x24 ../../libDaisy//build\libdaisy.a(stm32h7xx_ll_usb.o)
                0x0800b400                USB_GetDevSpeed
 .text.USB_ActivateEndpoint
                0x0800b424       0x90 ../../libDaisy//build\libdaisy.a(stm32h7xx_ll_usb.o)
                0x0800b424                USB_ActivateEndpoint
 .text.USB_DeactivateEndpoint
                0x0800b4b4       0x84 ../../libDaisy//build\libdaisy.a(stm32h7xx_ll_usb.o)
                0x0800b4b4                USB_DeactivateEndpoint
 .text.USB_EPStartXfer
                0x0800b538      0x230 ../../libDaisy//build\libdaisy.a(stm32h7xx_ll_usb.o)
                0x0800b538                USB_EPStartXfer
 .text.USB_EP0StartXfer
                0x0800b768      0x174 ../../libDaisy//build\libdaisy.a(stm32h7xx_ll_usb.o)
                0x0800b768                USB_EP0StartXfer
 .text.USB_WritePacket
                0x0800b8dc       0x2c ../../libDaisy//build\libdaisy.a(stm32h7xx_ll_usb.o)
                0x0800b8dc                USB_WritePacket
 .text.USB_ReadPacket
                0x0800b908       0x20 ../../libDaisy//build\libdaisy.a(stm32h7xx_ll_usb.o)
                0x0800b908                USB_ReadPacket
 .text.USB_EPSetStall
                0x0800b928       0x68 ../../libDaisy//build\libdaisy.a(stm32h7xx_ll_usb.o)
                0x0800b928                USB_EPSetStall
 .text.USB_EPClearStall
                0x0800b990       0x58 ../../libDaisy//build\libdaisy.a(stm32h7xx_ll_usb.o)
                0x0800b990                USB_EPClearStall
 .text.USB_SetDevAddress
                0x0800b9e8       0x24 ../../libDaisy//build\libdaisy.a(stm32h7xx_ll_usb.o)
                0x0800b9e8                USB_SetDevAddress
 .text.USB_DevConnect
                0x0800ba0c       0x1c ../../libDaisy//build\libdaisy.a(stm32h7xx_ll_usb.o)
                0x0800ba0c                USB_DevConnect
 .text.USB_DevDisconnect
                0x0800ba28       0x1c ../../libDaisy//build\libdaisy.a(stm32h7xx_ll_usb.o)
                0x0800ba28                USB_DevDisconnect
 .text.USB_ReadInterrupts
                0x0800ba44       0x14 ../../libDaisy//build\libdaisy.a(stm32h7xx_ll_usb.o)
                0x0800ba44                USB_ReadInterrupts
 .text.USB_ReadDevAllOutEpInterrupt
                0x0800ba58       0x1c ../../libDaisy//build\libdaisy.a(stm32h7xx_ll_usb.o)
                0x0800ba58                USB_ReadDevAllOutEpInterrupt
 .text.USB_ReadDevAllInEpInterrupt
                0x0800ba74       0x1c ../../libDaisy//build\libdaisy.a(stm32h7xx_ll_usb.o)
                0x0800ba74                USB_ReadDevAllInEpInterrupt
 .text.USB_ReadDevOutEPInterrupt
                0x0800ba90       0x1c ../../libDaisy//build\libdaisy.a(stm32h7xx_ll_usb.o)
                0x0800ba90                USB_ReadDevOutEPInterrupt
 .text.USB_ReadDevInEPInterrupt
                0x0800baac       0x38 ../../libDaisy//build\libdaisy.a(stm32h7xx_ll_usb.o)
                0x0800baac                USB_ReadDevInEPInterrupt
 .text.USB_GetMode
                0x0800bae4        0x8 ../../libDaisy//build\libdaisy.a(stm32h7xx_ll_usb.o)
                0x0800bae4                USB_GetMode
 .text.USB_ActivateSetup
                0x0800baec       0x38 ../../libDaisy//build\libdaisy.a(stm32h7xx_ll_usb.o)
                0x0800baec                USB_ActivateSetup
 .text.USB_EP0_OutStart
                0x0800bb24       0x58 ../../libDaisy//build\libdaisy.a(stm32h7xx_ll_usb.o)
                0x0800bb24                USB_EP0_OutStart
 .text.USB_InitFSLSPClkSel
                0x0800bb7c       0x44 ../../libDaisy//build\libdaisy.a(stm32h7xx_ll_usb.o)
                0x0800bb7c                USB_InitFSLSPClkSel
 .text.USB_HC_ReadInterrupt
                0x0800bbc0        0x8 ../../libDaisy//build\libdaisy.a(stm32h7xx_ll_usb.o)
                0x0800bbc0                USB_HC_ReadInterrupt
 .text.USB_HC_Halt
                0x0800bbc8       0xc0 ../../libDaisy//build\libdaisy.a(stm32h7xx_ll_usb.o)
                0x0800bbc8                USB_HC_Halt
 .text.USB_StopHost
                0x0800bc88      0x2ec ../../libDaisy//build\libdaisy.a(stm32h7xx_ll_usb.o)
                0x0800bc88                USB_StopHost
 .text.USBD_CDC_EP0_RxReady
                0x0800bf74       0x2c ../../libDaisy//build\libdaisy.a(usbd_cdc.o)
 .text.USBD_CDC_GetFSCfgDesc
                0x0800bfa0       0x24 ../../libDaisy//build\libdaisy.a(usbd_cdc.o)
 .text.USBD_CDC_GetHSCfgDesc
                0x0800bfc4       0x24 ../../libDaisy//build\libdaisy.a(usbd_cdc.o)
 .text.USBD_CDC_GetOtherSpeedCfgDesc
                0x0800bfe8       0x24 ../../libDaisy//build\libdaisy.a(usbd_cdc.o)
 .text.USBD_CDC_GetDeviceQualifierDescriptor
                0x0800c00c       0x10 ../../libDaisy//build\libdaisy.a(usbd_cdc.o)
                0x0800c00c                USBD_CDC_GetDeviceQualifierDescriptor
 .text.USBD_CDC_DataOut
                0x0800c01c       0x30 ../../libDaisy//build\libdaisy.a(usbd_cdc.o)
 .text.USBD_CDC_DataIn
                0x0800c04c       0x50 ../../libDaisy//build\libdaisy.a(usbd_cdc.o)
 .text.USBD_CDC_Setup
                0x0800c09c       0xcc ../../libDaisy//build\libdaisy.a(usbd_cdc.o)
 .text.USBD_CDC_DeInit
                0x0800c168       0x44 ../../libDaisy//build\libdaisy.a(usbd_cdc.o)
 .text.USBD_CDC_Init
                0x0800c1ac       0x94 ../../libDaisy//build\libdaisy.a(usbd_cdc.o)
 .text.USBD_CDC_RegisterInterface
                0x0800c240       0x10 ../../libDaisy//build\libdaisy.a(usbd_cdc.o)
                0x0800c240                USBD_CDC_RegisterInterface
 .text.USBD_CDC_SetTxBuffer
                0x0800c250       0x14 ../../libDaisy//build\libdaisy.a(usbd_cdc.o)
                0x0800c250                USBD_CDC_SetTxBuffer
 .text.USBD_CDC_SetRxBuffer
                0x0800c264       0x10 ../../libDaisy//build\libdaisy.a(usbd_cdc.o)
                0x0800c264                USBD_CDC_SetRxBuffer
 .text.USBD_CDC_TransmitPacket
                0x0800c274       0x34 ../../libDaisy//build\libdaisy.a(usbd_cdc.o)
                0x0800c274                USBD_CDC_TransmitPacket
 .text.USBD_CDC_ReceivePacket
                0x0800c2a8       0x38 ../../libDaisy//build\libdaisy.a(usbd_cdc.o)
                0x0800c2a8                USBD_CDC_ReceivePacket
 .text.USBD_Init
                0x0800c2e0       0x44 ../../libDaisy//build\libdaisy.a(usbd_core.o)
                0x0800c2e0                USBD_Init
 .text.USBD_RegisterClass
                0x0800c324       0x2c ../../libDaisy//build\libdaisy.a(usbd_core.o)
                0x0800c324                USBD_RegisterClass
 .text.USBD_Start
                0x0800c350        0xc ../../libDaisy//build\libdaisy.a(usbd_core.o)
                0x0800c350                USBD_Start
 .text.USBD_SetClassConfig
                0x0800c35c       0x14 ../../libDaisy//build\libdaisy.a(usbd_core.o)
                0x0800c35c                USBD_SetClassConfig
 .text.USBD_ClrClassConfig
                0x0800c370       0x10 ../../libDaisy//build\libdaisy.a(usbd_core.o)
                0x0800c370                USBD_ClrClassConfig
 .text.USBD_LL_SetupStage
                0x0800c380       0x5c ../../libDaisy//build\libdaisy.a(usbd_core.o)
                0x0800c380                USBD_LL_SetupStage
 .text.USBD_LL_DataOutStage
                0x0800c3dc       0x7c ../../libDaisy//build\libdaisy.a(usbd_core.o)
                0x0800c3dc                USBD_LL_DataOutStage
 .text.USBD_LL_DataInStage
                0x0800c458       0xcc ../../libDaisy//build\libdaisy.a(usbd_core.o)
                0x0800c458                USBD_LL_DataInStage
 .text.USBD_LL_Reset
                0x0800c524       0x50 ../../libDaisy//build\libdaisy.a(usbd_core.o)
                0x0800c524                USBD_LL_Reset
 .text.USBD_LL_SetSpeed
                0x0800c574        0x8 ../../libDaisy//build\libdaisy.a(usbd_core.o)
                0x0800c574                USBD_LL_SetSpeed
 .text.USBD_LL_Suspend
                0x0800c57c       0x14 ../../libDaisy//build\libdaisy.a(usbd_core.o)
                0x0800c57c                USBD_LL_Suspend
 .text.USBD_LL_Resume
                0x0800c590       0x10 ../../libDaisy//build\libdaisy.a(usbd_core.o)
                0x0800c590                USBD_LL_Resume
 .text.USBD_LL_SOF
                0x0800c5a0       0x1c ../../libDaisy//build\libdaisy.a(usbd_core.o)
                0x0800c5a0                USBD_LL_SOF
 .text.USBD_LL_IsoINIncomplete
                0x0800c5bc        0x4 ../../libDaisy//build\libdaisy.a(usbd_core.o)
                0x0800c5bc                USBD_LL_IsoINIncomplete
 .text.USBD_LL_IsoOUTIncomplete
                0x0800c5c0        0x4 ../../libDaisy//build\libdaisy.a(usbd_core.o)
                0x0800c5c0                USBD_LL_IsoOUTIncomplete
 .text.USBD_LL_DevConnected
                0x0800c5c4        0x4 ../../libDaisy//build\libdaisy.a(usbd_core.o)
                0x0800c5c4                USBD_LL_DevConnected
 .text.USBD_LL_DevDisconnected
                0x0800c5c8       0x18 ../../libDaisy//build\libdaisy.a(usbd_core.o)
                0x0800c5c8                USBD_LL_DevDisconnected
 .text.USBD_StdDevReq
                0x0800c5e0      0x304 ../../libDaisy//build\libdaisy.a(usbd_ctlreq.o)
                0x0800c5e0                USBD_StdDevReq
 .text.USBD_StdItfReq
                0x0800c8e4       0x68 ../../libDaisy//build\libdaisy.a(usbd_ctlreq.o)
                0x0800c8e4                USBD_StdItfReq
 .text.USBD_StdEPReq
                0x0800c94c      0x13c ../../libDaisy//build\libdaisy.a(usbd_ctlreq.o)
                0x0800c94c                USBD_StdEPReq
 .text.USBD_ParseSetupRequest
                0x0800ca88       0x28 ../../libDaisy//build\libdaisy.a(usbd_ctlreq.o)
                0x0800ca88                USBD_ParseSetupRequest
 .text.USBD_CtlError
                0x0800cab0       0x18 ../../libDaisy//build\libdaisy.a(usbd_ctlreq.o)
                0x0800cab0                USBD_CtlError
 .text.USBD_GetString
                0x0800cac8       0x54 ../../libDaisy//build\libdaisy.a(usbd_ctlreq.o)
                0x0800cac8                USBD_GetString
 .text.USBD_CtlSendData
                0x0800cb1c       0x1c ../../libDaisy//build\libdaisy.a(usbd_ioreq.o)
                0x0800cb1c                USBD_CtlSendData
 .text.USBD_CtlContinueSendData
                0x0800cb38       0x14 ../../libDaisy//build\libdaisy.a(usbd_ioreq.o)
                0x0800cb38                USBD_CtlContinueSendData
 .text.USBD_CtlPrepareRx
                0x0800cb4c       0x1c ../../libDaisy//build\libdaisy.a(usbd_ioreq.o)
                0x0800cb4c                USBD_CtlPrepareRx
 .text.USBD_CtlContinueRx
                0x0800cb68       0x14 ../../libDaisy//build\libdaisy.a(usbd_ioreq.o)
                0x0800cb68                USBD_CtlContinueRx
 .text.USBD_CtlSendStatus
                0x0800cb7c       0x18 ../../libDaisy//build\libdaisy.a(usbd_ioreq.o)
                0x0800cb7c                USBD_CtlSendStatus
 .text.USBD_CtlReceiveStatus
                0x0800cb94       0x18 ../../libDaisy//build\libdaisy.a(usbd_ioreq.o)
                0x0800cb94                USBD_CtlReceiveStatus
 .text.USBH_LL_IncTimer
                0x0800cbac       0x20 ../../libDaisy//build\libdaisy.a(usbh_core.o)
                0x0800cbac                USBH_LL_IncTimer
 .text.USBH_LL_PortEnabled
                0x0800cbcc        0x8 ../../libDaisy//build\libdaisy.a(usbh_core.o)
                0x0800cbcc                USBH_LL_PortEnabled
 .text.USBH_LL_PortDisabled
                0x0800cbd4        0x8 ../../libDaisy//build\libdaisy.a(usbh_core.o)
                0x0800cbd4                USBH_LL_PortDisabled
 .text.USBH_LL_Connect
                0x0800cbdc       0x18 ../../libDaisy//build\libdaisy.a(usbh_core.o)
                0x0800cbdc                USBH_LL_Connect
 .text.USBH_LL_Disconnect
                0x0800cbf4       0x2c ../../libDaisy//build\libdaisy.a(usbh_core.o)
                0x0800cbf4                USBH_LL_Disconnect
 .text.USBH_FreePipe
                0x0800cc20       0x18 ../../libDaisy//build\libdaisy.a(usbh_pipes.o)
                0x0800cc20                USBH_FreePipe
 .text._ZN5daisy6Random4InitEv
                0x0800cc38       0x3c ../../libDaisy//build\libdaisy.a(rng.o)
                0x0800cc38                daisy::Random::Init()
 .text._ZN5daisy9SpiHandle4Impl7InitDmaEv
                0x0800cc74       0xec ../../libDaisy//build\libdaisy.a(spi.o)
                0x0800cc74                daisy::SpiHandle::Impl::InitDma()
 .text._ZN5daisy9SpiHandle4Impl10StartDmaTxEPhjPFvPvEPFvS3_NS0_6ResultEES3_
                0x0800cd60       0xc8 ../../libDaisy//build\libdaisy.a(spi.o)
                0x0800cd60                daisy::SpiHandle::Impl::StartDmaTx(unsigned char*, unsigned int, void (*)(void*), void (*)(void*, daisy::SpiHandle::Result), void*)
 .text._ZN5daisy9SpiHandle4Impl10StartDmaRxEPhjPFvPvEPFvS3_NS0_6ResultEES3_
                0x0800ce28       0xc8 ../../libDaisy//build\libdaisy.a(spi.o)
                0x0800ce28                daisy::SpiHandle::Impl::StartDmaRx(unsigned char*, unsigned int, void (*)(void*), void (*)(void*, daisy::SpiHandle::Result), void*)
 .text._ZN5daisy9SpiHandle4Impl12StartDmaRxTxEPhS2_jPFvPvEPFvS3_NS0_6ResultEES3_
                0x0800cef0       0xcc ../../libDaisy//build\libdaisy.a(spi.o)
                0x0800cef0                daisy::SpiHandle::Impl::StartDmaRxTx(unsigned char*, unsigned char*, unsigned int, void (*)(void*), void (*)(void*, daisy::SpiHandle::Result), void*)
 .text._ZN5daisy9SpiHandle4Impl8InitPinsEv
                0x0800cfbc      0x274 ../../libDaisy//build\libdaisy.a(spi.o)
                0x0800cfbc                daisy::SpiHandle::Impl::InitPins()
 .text.HAL_SPI_MspInit
                0x0800d230      0x1a8 ../../libDaisy//build\libdaisy.a(spi.o)
                0x0800d230                HAL_SPI_MspInit
 .text.dsy_spi_global_init
                0x0800d3d8       0x80 ../../libDaisy//build\libdaisy.a(spi.o)
                0x0800d3d8                dsy_spi_global_init
 .text.SPI1_IRQHandler
                0x0800d458        0xc ../../libDaisy//build\libdaisy.a(spi.o)
                0x0800d458                SPI1_IRQHandler
 .text.SPI2_IRQHandler
                0x0800d464        0xc ../../libDaisy//build\libdaisy.a(spi.o)
                0x0800d464                SPI2_IRQHandler
 .text.SPI3_IRQHandler
                0x0800d470        0xc ../../libDaisy//build\libdaisy.a(spi.o)
                0x0800d470                SPI3_IRQHandler
 .text.SPI4_IRQHandler
                0x0800d47c        0xc ../../libDaisy//build\libdaisy.a(spi.o)
                0x0800d47c                SPI4_IRQHandler
 .text.SPI5_IRQHandler
                0x0800d488        0xc ../../libDaisy//build\libdaisy.a(spi.o)
                0x0800d488                SPI5_IRQHandler
 .text.DMA2_Stream2_IRQHandler
                0x0800d494       0x34 ../../libDaisy//build\libdaisy.a(spi.o)
                0x0800d494                DMA2_Stream2_IRQHandler
 .text.DMA2_Stream3_IRQHandler
                0x0800d4c8       0x38 ../../libDaisy//build\libdaisy.a(spi.o)
                0x0800d4c8                DMA2_Stream3_IRQHandler
 .text.HAL_SPI_TxCpltCallback
                0x0800d500       0xc4 ../../libDaisy//build\libdaisy.a(spi.o)
                0x0800d500                HAL_SPI_TxCpltCallback
 .text.HAL_SPI_RxCpltCallback
                0x0800d5c4       0xc4 ../../libDaisy//build\libdaisy.a(spi.o)
                0x0800d5c4                HAL_SPI_RxCpltCallback
 .text.HAL_SPI_TxRxCpltCallback
                0x0800d688       0xc4 ../../libDaisy//build\libdaisy.a(spi.o)
                0x0800d688                HAL_SPI_TxRxCpltCallback
 .text.HAL_SPI_ErrorCallback
                0x0800d74c       0xc8 ../../libDaisy//build\libdaisy.a(spi.o)
                0x0800d74c                HAL_SPI_ErrorCallback
 .text.startup._GLOBAL__sub_I__Z19MapInstanceToHandleP11SPI_TypeDef
                0x0800d814      0x1b0 ../../libDaisy//build\libdaisy.a(spi.o)
 .text.HAL_TIM_Base_MspInit
                0x0800d9c4      0x1e0 ../../libDaisy//build\libdaisy.a(tim.o)
                0x0800d9c4                HAL_TIM_Base_MspInit
 .text.HAL_TIM_PeriodElapsedCallback
                0x0800dba4       0x44 ../../libDaisy//build\libdaisy.a(tim.o)
                0x0800dba4                HAL_TIM_PeriodElapsedCallback
 .text.TIM2_IRQHandler
                0x0800dbe8        0xc ../../libDaisy//build\libdaisy.a(tim.o)
                0x0800dbe8                TIM2_IRQHandler
 .text.TIM3_IRQHandler
                0x0800dbf4        0xc ../../libDaisy//build\libdaisy.a(tim.o)
                0x0800dbf4                TIM3_IRQHandler
 .text.TIM4_IRQHandler
                0x0800dc00        0xc ../../libDaisy//build\libdaisy.a(tim.o)
                0x0800dc00                TIM4_IRQHandler
 .text.TIM5_IRQHandler
                0x0800dc0c        0xc ../../libDaisy//build\libdaisy.a(tim.o)
                0x0800dc0c                TIM5_IRQHandler
 .text._ZN5daisy11TimerHandle4InitERKNS0_6ConfigE
                0x0800dc18       0xd0 ../../libDaisy//build\libdaisy.a(tim.o)
                0x0800dc18                daisy::TimerHandle::Init(daisy::TimerHandle::Config const&)
 .text._ZN5daisy11TimerHandle5StartEv
                0x0800dce8       0x24 ../../libDaisy//build\libdaisy.a(tim.o)
                0x0800dce8                daisy::TimerHandle::Start()
 .text.startup._GLOBAL__sub_I__ZN5daisy11TimerHandle4Impl4InitERKNS0_6ConfigE
                0x0800dd0c       0x38 ../../libDaisy//build\libdaisy.a(tim.o)
 .text._ZL20UART_CheckRxListenerPN5daisy11UartHandler4ImplE
                0x0800dd44       0x84 ../../libDaisy//build\libdaisy.a(uart.o)
 .text._ZN5daisy11UartHandler4Impl10StartDmaTxEPhjPFvPvEPFvS3_NS0_6ResultEES3_
                0x0800ddc8      0x184 ../../libDaisy//build\libdaisy.a(uart.o)
                0x0800ddc8                daisy::UartHandler::Impl::StartDmaTx(unsigned char*, unsigned int, void (*)(void*), void (*)(void*, daisy::UartHandler::Result), void*)
 .text._ZN5daisy11UartHandler4Impl10StartDmaRxEPhjPFvPvEPFvS3_NS0_6ResultEES3_
                0x0800df4c      0x184 ../../libDaisy//build\libdaisy.a(uart.o)
                0x0800df4c                daisy::UartHandler::Impl::StartDmaRx(unsigned char*, unsigned int, void (*)(void*), void (*)(void*, daisy::UartHandler::Result), void*)
 .text._ZN5daisy11UartHandler4Impl19DmaTransferFinishedEP20__UART_HandleTypeDefNS0_6ResultE
                0x0800e0d0       0xc0 ../../libDaisy//build\libdaisy.a(uart.o)
                0x0800e0d0                daisy::UartHandler::Impl::DmaTransferFinished(__UART_HandleTypeDef*, daisy::UartHandler::Result)
 .text._ZN5daisy11UartHandler4Impl8InitPinsEv
                0x0800e190      0x154 ../../libDaisy//build\libdaisy.a(uart.o)
                0x0800e190                daisy::UartHandler::Impl::InitPins()
 .text.HAL_UART_MspInit
                0x0800e2e4      0x210 ../../libDaisy//build\libdaisy.a(uart.o)
                0x0800e2e4                HAL_UART_MspInit
 .text.dsy_uart_global_init
                0x0800e4f4      0x110 ../../libDaisy//build\libdaisy.a(uart.o)
                0x0800e4f4                dsy_uart_global_init
 .text.USART1_IRQHandler
                0x0800e604       0x2c ../../libDaisy//build\libdaisy.a(uart.o)
                0x0800e604                USART1_IRQHandler
 .text.USART2_IRQHandler
                0x0800e630       0x34 ../../libDaisy//build\libdaisy.a(uart.o)
                0x0800e630                USART2_IRQHandler
 .text.USART3_IRQHandler
                0x0800e664       0x34 ../../libDaisy//build\libdaisy.a(uart.o)
                0x0800e664                USART3_IRQHandler
 .text.UART4_IRQHandler
                0x0800e698       0x34 ../../libDaisy//build\libdaisy.a(uart.o)
                0x0800e698                UART4_IRQHandler
 .text.UART5_IRQHandler
                0x0800e6cc       0x34 ../../libDaisy//build\libdaisy.a(uart.o)
                0x0800e6cc                UART5_IRQHandler
 .text.USART6_IRQHandler
                0x0800e700       0x34 ../../libDaisy//build\libdaisy.a(uart.o)
                0x0800e700                USART6_IRQHandler
 .text.UART7_IRQHandler
                0x0800e734       0x34 ../../libDaisy//build\libdaisy.a(uart.o)
                0x0800e734                UART7_IRQHandler
 .text.UART8_IRQHandler
                0x0800e768       0x34 ../../libDaisy//build\libdaisy.a(uart.o)
                0x0800e768                UART8_IRQHandler
 .text.LPUART1_IRQHandler
                0x0800e79c       0x34 ../../libDaisy//build\libdaisy.a(uart.o)
                0x0800e79c                LPUART1_IRQHandler
 .text.DMA1_Stream5_IRQHandler
                0x0800e7d0       0x34 ../../libDaisy//build\libdaisy.a(uart.o)
                0x0800e7d0                DMA1_Stream5_IRQHandler
 .text.DMA2_Stream4_IRQHandler
                0x0800e804       0x38 ../../libDaisy//build\libdaisy.a(uart.o)
                0x0800e804                DMA2_Stream4_IRQHandler
 .text.HAL_UART_TxCpltCallback
                0x0800e83c        0x8 ../../libDaisy//build\libdaisy.a(uart.o)
                0x0800e83c                HAL_UART_TxCpltCallback
 .text.HAL_UART_RxCpltCallback
                0x0800e844       0x94 ../../libDaisy//build\libdaisy.a(uart.o)
                0x0800e844                HAL_UART_RxCpltCallback
 .text.HAL_UART_RxHalfCpltCallback
                0x0800e8d8       0x90 ../../libDaisy//build\libdaisy.a(uart.o)
                0x0800e8d8                HAL_UART_RxHalfCpltCallback
 .text.HAL_UART_ErrorCallback
                0x0800e968        0x8 ../../libDaisy//build\libdaisy.a(uart.o)
                0x0800e968                HAL_UART_ErrorCallback
 .text.startup._GLOBAL__sub_I__Z19MapInstanceToHandleP13USART_TypeDef
                0x0800e970      0x194 ../../libDaisy//build\libdaisy.a(uart.o)
 .text.dsy_dma_init
                0x0800eb04      0x100 ../../libDaisy//build\libdaisy.a(dma.o)
                0x0800eb04                dsy_dma_init
 .text.dsy_dma_invalidate_cache_for_buffer
                0x0800ec04       0x2c ../../libDaisy//build\libdaisy.a(dma.o)
                0x0800ec04                dsy_dma_invalidate_cache_for_buffer
 .text.HAL_MDMA_Abort_IT
                0x0800ec30       0x2c ../../libDaisy//build\libdaisy.a(stm32h7xx_hal_mdma.o)
                0x0800ec30                HAL_MDMA_Abort_IT
 .text.SPI_CloseTransfer
                0x0800ec5c       0xb8 ../../libDaisy//build\libdaisy.a(stm32h7xx_hal_spi.o)
 .text.HAL_SPI_Init
                0x0800ed14      0x15c ../../libDaisy//build\libdaisy.a(stm32h7xx_hal_spi.o)
                0x0800ed14                HAL_SPI_Init
 .text.HAL_SPI_Transmit_DMA
                0x0800ee70      0x170 ../../libDaisy//build\libdaisy.a(stm32h7xx_hal_spi.o)
                0x0800ee70                HAL_SPI_Transmit_DMA
 .text.HAL_SPI_TransmitReceive_DMA
                0x0800efe0      0x218 ../../libDaisy//build\libdaisy.a(stm32h7xx_hal_spi.o)
                0x0800efe0                HAL_SPI_TransmitReceive_DMA
 .text.HAL_SPI_Receive_DMA
                0x0800f1f8      0x1b4 ../../libDaisy//build\libdaisy.a(stm32h7xx_hal_spi.o)
                0x0800f1f8                HAL_SPI_Receive_DMA
 .text.SPI_DMATransmitCplt
                0x0800f3ac       0x28 ../../libDaisy//build\libdaisy.a(stm32h7xx_hal_spi.o)
 .text.SPI_DMAReceiveCplt
                0x0800f3d4       0x28 ../../libDaisy//build\libdaisy.a(stm32h7xx_hal_spi.o)
 .text.SPI_DMATransmitReceiveCplt
                0x0800f3fc       0x28 ../../libDaisy//build\libdaisy.a(stm32h7xx_hal_spi.o)
 .text.HAL_SPI_TxHalfCpltCallback
                0x0800f424        0x4 ../../libDaisy//build\libdaisy.a(stm32h7xx_hal_spi.o)
                0x0800f424                HAL_SPI_TxHalfCpltCallback
 .text.SPI_DMAHalfTransmitCplt
                0x0800f428        0xc ../../libDaisy//build\libdaisy.a(stm32h7xx_hal_spi.o)
 .text.HAL_SPI_RxHalfCpltCallback
                0x0800f434        0x4 ../../libDaisy//build\libdaisy.a(stm32h7xx_hal_spi.o)
                0x0800f434                HAL_SPI_RxHalfCpltCallback
 .text.SPI_DMAHalfReceiveCplt
                0x0800f438        0xc ../../libDaisy//build\libdaisy.a(stm32h7xx_hal_spi.o)
 .text.HAL_SPI_TxRxHalfCpltCallback
                0x0800f444        0x4 ../../libDaisy//build\libdaisy.a(stm32h7xx_hal_spi.o)
                0x0800f444                HAL_SPI_TxRxHalfCpltCallback
 .text.SPI_DMAHalfTransmitReceiveCplt
                0x0800f448        0xc ../../libDaisy//build\libdaisy.a(stm32h7xx_hal_spi.o)
 .text.SPI_DMAError
                0x0800f454       0xd8 ../../libDaisy//build\libdaisy.a(stm32h7xx_hal_spi.o)
 .text.HAL_SPI_IRQHandler
                0x0800f52c      0x23c ../../libDaisy//build\libdaisy.a(stm32h7xx_hal_spi.o)
                0x0800f52c                HAL_SPI_IRQHandler
 .text.SPI_DMAAbortOnError
                0x0800f768       0x1c ../../libDaisy//build\libdaisy.a(stm32h7xx_hal_spi.o)
 .text.HAL_SPI_GetState
                0x0800f784        0x8 ../../libDaisy//build\libdaisy.a(stm32h7xx_hal_spi.o)
                0x0800f784                HAL_SPI_GetState
 .text.HAL_TIM_Base_Init
                0x0800f78c      0x140 ../../libDaisy//build\libdaisy.a(stm32h7xx_hal_tim.o)
                0x0800f78c                HAL_TIM_Base_Init
 .text.HAL_TIM_Base_Start
                0x0800f8cc       0x34 ../../libDaisy//build\libdaisy.a(stm32h7xx_hal_tim.o)
                0x0800f8cc                HAL_TIM_Base_Start
 .text.HAL_TIM_Base_Start_IT
                0x0800f900       0x2c ../../libDaisy//build\libdaisy.a(stm32h7xx_hal_tim.o)
                0x0800f900                HAL_TIM_Base_Start_IT
 .text.HAL_TIM_ConfigClockSource
                0x0800f92c      0x17c ../../libDaisy//build\libdaisy.a(stm32h7xx_hal_tim.o)
                0x0800f92c                HAL_TIM_ConfigClockSource
 .text.HAL_TIM_OC_DelayElapsedCallback
                0x0800faa8        0x4 ../../libDaisy//build\libdaisy.a(stm32h7xx_hal_tim.o)
                0x0800faa8                HAL_TIM_OC_DelayElapsedCallback
 .text.HAL_TIM_IC_CaptureCallback
                0x0800faac        0x4 ../../libDaisy//build\libdaisy.a(stm32h7xx_hal_tim.o)
                0x0800faac                HAL_TIM_IC_CaptureCallback
 .text.HAL_TIM_PWM_PulseFinishedCallback
                0x0800fab0        0x4 ../../libDaisy//build\libdaisy.a(stm32h7xx_hal_tim.o)
                0x0800fab0                HAL_TIM_PWM_PulseFinishedCallback
 .text.HAL_TIM_TriggerCallback
                0x0800fab4        0x4 ../../libDaisy//build\libdaisy.a(stm32h7xx_hal_tim.o)
                0x0800fab4                HAL_TIM_TriggerCallback
 .text.HAL_TIM_IRQHandler
                0x0800fab8      0x170 ../../libDaisy//build\libdaisy.a(stm32h7xx_hal_tim.o)
                0x0800fab8                HAL_TIM_IRQHandler
 .text.HAL_TIMEx_MasterConfigSynchronization
                0x0800fc28       0x64 ../../libDaisy//build\libdaisy.a(stm32h7xx_hal_tim_ex.o)
                0x0800fc28                HAL_TIMEx_MasterConfigSynchronization
 .text.HAL_TIMEx_CommutCallback
                0x0800fc8c        0x4 ../../libDaisy//build\libdaisy.a(stm32h7xx_hal_tim_ex.o)
                0x0800fc8c                HAL_TIMEx_CommutCallback
 .text.HAL_TIMEx_BreakCallback
                0x0800fc90        0x4 ../../libDaisy//build\libdaisy.a(stm32h7xx_hal_tim_ex.o)
                0x0800fc90                HAL_TIMEx_BreakCallback
 .text.HAL_TIMEx_Break2Callback
                0x0800fc94        0x4 ../../libDaisy//build\libdaisy.a(stm32h7xx_hal_tim_ex.o)
                0x0800fc94                HAL_TIMEx_Break2Callback
 .text.HAL_UART_Transmit_DMA
                0x0800fc98       0xa4 ../../libDaisy//build\libdaisy.a(stm32h7xx_hal_uart.o)
                0x0800fc98                HAL_UART_Transmit_DMA
 .text.HAL_UART_Receive_DMA
                0x0800fd3c       0xac ../../libDaisy//build\libdaisy.a(stm32h7xx_hal_uart.o)
                0x0800fd3c                HAL_UART_Receive_DMA
 .text.UART_DMATransmitCplt
                0x0800fde8       0x2c ../../libDaisy//build\libdaisy.a(stm32h7xx_hal_uart.o)
 .text.HAL_UART_TxHalfCpltCallback
                0x0800fe14        0x4 ../../libDaisy//build\libdaisy.a(stm32h7xx_hal_uart.o)
                0x0800fe14                HAL_UART_TxHalfCpltCallback
 .text.UART_DMATxHalfCplt
                0x0800fe18        0xc ../../libDaisy//build\libdaisy.a(stm32h7xx_hal_uart.o)
 .text.UART_DMAReceiveCplt
                0x0800fe24       0x38 ../../libDaisy//build\libdaisy.a(stm32h7xx_hal_uart.o)
 .text.UART_DMARxHalfCplt
                0x0800fe5c        0xc ../../libDaisy//build\libdaisy.a(stm32h7xx_hal_uart.o)
 .text.UART_DMAError
                0x0800fe68       0x78 ../../libDaisy//build\libdaisy.a(stm32h7xx_hal_uart.o)
 .text.HAL_UART_IRQHandler
                0x0800fee0      0x1d0 ../../libDaisy//build\libdaisy.a(stm32h7xx_hal_uart.o)
                0x0800fee0                HAL_UART_IRQHandler
 .text.UART_DMAAbortOnError
                0x080100b0       0x14 ../../libDaisy//build\libdaisy.a(stm32h7xx_hal_uart.o)
 .text.HAL_UART_GetState
                0x080100c4        0xc ../../libDaisy//build\libdaisy.a(stm32h7xx_hal_uart.o)
                0x080100c4                HAL_UART_GetState
 .text.UART_SetConfig
                0x080100d0     0x14b8 ../../libDaisy//build\libdaisy.a(stm32h7xx_hal_uart.o)
                0x080100d0                UART_SetConfig
 .text.UART_AdvFeatureConfig
                0x08011588       0xb0 ../../libDaisy//build\libdaisy.a(stm32h7xx_hal_uart.o)
                0x08011588                UART_AdvFeatureConfig
 .text.UART_CheckIdleState
                0x08011638       0x84 ../../libDaisy//build\libdaisy.a(stm32h7xx_hal_uart.o)
                0x08011638                UART_CheckIdleState
 .text.HAL_UART_Init
                0x080116bc       0x68 ../../libDaisy//build\libdaisy.a(stm32h7xx_hal_uart.o)
                0x080116bc                HAL_UART_Init
 .text.HAL_UARTEx_WakeupCallback
                0x08011724        0x4 ../../libDaisy//build\libdaisy.a(stm32h7xx_hal_uart_ex.o)
                0x08011724                HAL_UARTEx_WakeupCallback
 .text.HAL_UARTEx_RxFifoFullCallback
                0x08011728        0x4 ../../libDaisy//build\libdaisy.a(stm32h7xx_hal_uart_ex.o)
                0x08011728                HAL_UARTEx_RxFifoFullCallback
 .text.HAL_UARTEx_TxFifoEmptyCallback
                0x0801172c        0x4 ../../libDaisy//build\libdaisy.a(stm32h7xx_hal_uart_ex.o)